=== node n086.hpc / job 948602 / part gpu4 / start Tue Sep  8 19:19:52 KST 2026 ===
name, memory.total [MiB], driver_version
NVIDIA RTX A6000, 49140 MiB, 595.45.04
[warm] 웜스타트 대상 없음 → 처음부터
xml: /gpfs/home1/soyeon24/Open_Duck_Playground/playground/open_duck_mini_v2/xmls/scene_flat_terrain_backlash.xml
actuators: ['left_hip_yaw', 'left_hip_roll', 'left_hip_pitch', 'left_knee', 'left_ankle', 'neck_pitch', 'head_pitch', 'head_yaw', 'head_roll', 'right_hip_yaw', 'right_hip_roll', 'right_hip_pitch', 'right_knee', 'right_ankle']
joints: ['floating_base', 'left_hip_yaw', 'left_hip_yaw_backlash', 'left_hip_roll', 'left_hip_roll_backlash', 'left_hip_pitch', 'left_hip_pitch_backlash', 'left_knee', 'left_knee_backlash', 'left_ankle', 'left_ankle_backlash', 'neck_pitch', 'head_pitch', 'head_yaw', 'head_roll', 'right_hip_yaw', 'right_hip_yaw_backlash', 'right_hip_roll', 'right_hip_roll_backlash', 'right_hip_pitch', 'right_hip_pitch_backlash', 'right_knee', 'right_knee_backlash', 'right_ankle', 'right_ankle_backlash']
backlash joints: ['left_hip_yaw_backlash', 'left_hip_roll_backlash', 'left_hip_pitch_backlash', 'left_knee_backlash', 'left_ankle_backlash', 'right_hip_yaw_backlash', 'right_hip_roll_backlash', 'right_hip_pitch_backlash', 'right_knee_backlash', 'right_ankle_backlash']
actuator joints ids: [1, 3, 5, 7, 9, 11, 12, 13, 14, 15, 17, 19, 21, 23]
actuator joints dict: {'left_hip_yaw': 1, 'left_hip_roll': 3, 'left_hip_pitch': 5, 'left_knee': 7, 'left_ankle': 9, 'neck_pitch': 11, 'head_pitch': 12, 'head_yaw': 13, 'head_roll': 14, 'right_hip_yaw': 15, 'right_hip_roll': 17, 'right_hip_pitch': 19, 'right_knee': 21, 'right_ankle': 23}
floating qpos addr: 0 qvel addr: 0
[Poly ref data] Processing ...
[Poly ref data] Done processing
xml: /gpfs/home1/soyeon24/Open_Duck_Playground/playground/open_duck_mini_v2/xmls/scene_flat_terrain_backlash.xml
actuators: ['left_hip_yaw', 'left_hip_roll', 'left_hip_pitch', 'left_knee', 'left_ankle', 'neck_pitch', 'head_pitch', 'head_yaw', 'head_roll', 'right_hip_yaw', 'right_hip_roll', 'right_hip_pitch', 'right_knee', 'right_ankle']
joints: ['floating_base', 'left_hip_yaw', 'left_hip_yaw_backlash', 'left_hip_roll', 'left_hip_roll_backlash', 'left_hip_pitch', 'left_hip_pitch_backlash', 'left_knee', 'left_knee_backlash', 'left_ankle', 'left_ankle_backlash', 'neck_pitch', 'head_pitch', 'head_yaw', 'head_roll', 'right_hip_yaw', 'right_hip_yaw_backlash', 'right_hip_roll', 'right_hip_roll_backlash', 'right_hip_pitch', 'right_hip_pitch_backlash', 'right_knee', 'right_knee_backlash', 'right_ankle', 'right_ankle_backlash']
backlash joints: ['left_hip_yaw_backlash', 'left_hip_roll_backlash', 'left_hip_pitch_backlash', 'left_knee_backlash', 'left_ankle_backlash', 'right_hip_yaw_backlash', 'right_hip_roll_backlash', 'right_hip_pitch_backlash', 'right_knee_backlash', 'right_ankle_backlash']
actuator joints ids: [1, 3, 5, 7, 9, 11, 12, 13, 14, 15, 17, 19, 21, 23]
actuator joints dict: {'left_hip_yaw': 1, 'left_hip_roll': 3, 'left_hip_pitch': 5, 'left_knee': 7, 'left_ankle': 9, 'neck_pitch': 11, 'head_pitch': 12, 'head_yaw': 13, 'head_roll': 14, 'right_hip_yaw': 15, 'right_hip_roll': 17, 'right_hip_pitch': 19, 'right_knee': 21, 'right_ankle': 23}
floating qpos addr: 0 qvel addr: 0
[Poly ref data] Processing ...
[Poly ref data] Done processing
Observation size: 101
PPO params: {'action_repeat': 1, 'batch_size': 256, 'clipping_epsilon': 0.2, 'discounting': 0.97, 'entropy_cost': 0.005, 'episode_length': 1000, 'learning_rate': 0.0003, 'max_grad_norm': 1.0, 'normalize_observations': True, 'num_envs': 8192, 'num_evals': 15, 'num_minibatches': 32, 'num_resets_per_eval': 1, 'num_timesteps': 300000000, 'num_updates_per_batch': 4, 'reward_scaling': 1.0, 'unroll_length': 20}
-----------
STEP: 0 reward: 0.011601037345826626 reward_std: 0.044312577694654465
-----------
Saving checkpoint (step: 0): /gpfs/home1/soyeon24/Open_Duck_Playground/checkpoints_alive2/2026_09_08_192148_0
 === EXPORT ONNX === 
(101,) (101,)
(101,) (101,)
(1, 14)
Transferring Dense layer hidden_0, kernel shape (101, 512), bias shape (512,)
Transferring Dense layer hidden_1, kernel shape (512, 256), bias shape (256,)
Transferring Dense layer hidden_2, kernel shape (256, 128), bias shape (128,)
Transferring Dense layer hidden_3, kernel shape (128, 28), bias shape (28,)
Weights transferred successfully.
(101,) (101,)
Tensorflow prediction: [ 0.02309905 -0.01063621  0.13225034  0.09340208 -0.07243866  0.17713644
  0.15884155  0.12745392 -0.00975049 -0.17488673  0.04536586  0.20230038
  0.1690991  -0.21251443]
(101,) (101,)
(101,) (101,)
Saving checkpoint (step: 21463040): /gpfs/home1/soyeon24/Open_Duck_Playground/checkpoints_alive2/2026_09_08_192833_21463040
 === EXPORT ONNX === 
(101,) (101,)
(101,) (101,)
(1, 14)
Transferring Dense layer hidden_0, kernel shape (101, 512), bias shape (512,)
Transferring Dense layer hidden_1, kernel shape (512, 256), bias shape (256,)
Transferring Dense layer hidden_2, kernel shape (256, 128), bias shape (128,)
Transferring Dense layer hidden_3, kernel shape (128, 28), bias shape (28,)
Weights transferred successfully.
(101,) (101,)
Tensorflow prediction: [-0.56023246  0.57335776  0.51953477 -0.67703724 -0.85258317 -0.86534655
  0.9434245  -0.3336633  -0.2660138  -0.47663018  0.5991374  -0.38782886
  0.9848039  -0.799221  ]
(101,) (101,)
(101,) (101,)
-----------
STEP: 21463040 reward: 4.05643367767334 reward_std: 11.091519355773926
-----------
Saving checkpoint (step: 42926080): /gpfs/home1/soyeon24/Open_Duck_Playground/checkpoints_alive2/2026_09_08_193407_42926080
 === EXPORT ONNX === 
(101,) (101,)
(101,) (101,)
(1, 14)
Transferring Dense layer hidden_0, kernel shape (101, 512), bias shape (512,)
Transferring Dense layer hidden_1, kernel shape (512, 256), bias shape (256,)
Transferring Dense layer hidden_2, kernel shape (256, 128), bias shape (128,)
Transferring Dense layer hidden_3, kernel shape (128, 28), bias shape (28,)
Weights transferred successfully.
(101,) (101,)
Tensorflow prediction: [-0.81393844  0.7421465   0.75782824 -0.42930037 -0.9349849  -0.94149494
  0.9223297  -0.45445913  0.43056348 -0.69268507  0.61756396 -0.32173076
  0.96026653 -0.96787363]
(101,) (101,)
(101,) (101,)
-----------
STEP: 42926080 reward: 11.010089874267578 reward_std: 22.727140426635742
-----------
Saving checkpoint (step: 64389120): /gpfs/home1/soyeon24/Open_Duck_Playground/checkpoints_alive2/2026_09_08_193940_64389120
 === EXPORT ONNX === 
(101,) (101,)
(101,) (101,)
(1, 14)
Transferring Dense layer hidden_0, kernel shape (101, 512), bias shape (512,)
Transferring Dense layer hidden_1, kernel shape (512, 256), bias shape (256,)
Transferring Dense layer hidden_2, kernel shape (256, 128), bias shape (128,)
Transferring Dense layer hidden_3, kernel shape (128, 28), bias shape (28,)
Weights transferred successfully.
(101,) (101,)
Tensorflow prediction: [-0.58860844  0.15967697  0.58029616 -0.06418326 -0.89362454 -0.8399888
  0.89901966  0.24608742  0.05664593 -0.5920974   0.6352557  -0.39648294
  0.7596233  -0.963955  ]
(101,) (101,)
(101,) (101,)
-----------
STEP: 64389120 reward: 14.97116756439209 reward_std: 26.02528953552246
-----------
Saving checkpoint (step: 85852160): /gpfs/home1/soyeon24/Open_Duck_Playground/checkpoints_alive2/2026_09_08_194514_85852160
 === EXPORT ONNX === 
(101,) (101,)
(101,) (101,)
(1, 14)
Transferring Dense layer hidden_0, kernel shape (101, 512), bias shape (512,)
Transferring Dense layer hidden_1, kernel shape (512, 256), bias shape (256,)
Transferring Dense layer hidden_2, kernel shape (256, 128), bias shape (128,)
Transferring Dense layer hidden_3, kernel shape (128, 28), bias shape (28,)
Weights transferred successfully.
(101,) (101,)
Tensorflow prediction: [-0.49128044  0.29739588  0.7314164   0.3291977  -0.83526224 -0.65136474
  0.40941155 -0.25005147 -0.0878159  -0.61863244  0.4576822  -0.18463287
  0.6787347  -0.93802226]
(101,) (101,)
(101,) (101,)
-----------
STEP: 85852160 reward: 17.534332275390625 reward_std: 29.979007720947266
-----------
Saving checkpoint (step: 107315200): /gpfs/home1/soyeon24/Open_Duck_Playground/checkpoints_alive2/2026_09_08_195046_107315200
 === EXPORT ONNX === 
(101,) (101,)
(101,) (101,)
(1, 14)
Transferring Dense layer hidden_0, kernel shape (101, 512), bias shape (512,)
Transferring Dense layer hidden_1, kernel shape (512, 256), bias shape (256,)
Transferring Dense layer hidden_2, kernel shape (256, 128), bias shape (128,)
Transferring Dense layer hidden_3, kernel shape (128, 28), bias shape (28,)
Weights transferred successfully.
(101,) (101,)
Tensorflow prediction: [-0.2626212  -0.4314711   0.47149497  0.32311907 -0.7851864  -0.70684534
  0.35715735 -0.55190855 -0.3457441  -0.47349805  0.05129701 -0.04868787
  0.4059716  -0.93554837]
(101,) (101,)
(101,) (101,)
-----------
STEP: 107315200 reward: 17.619131088256836 reward_std: 29.748645782470703
-----------
Saving checkpoint (step: 128778240): /gpfs/home1/soyeon24/Open_Duck_Playground/checkpoints_alive2/2026_09_08_195618_128778240
 === EXPORT ONNX === 
(101,) (101,)
(101,) (101,)
(1, 14)
Transferring Dense layer hidden_0, kernel shape (101, 512), bias shape (512,)
Transferring Dense layer hidden_1, kernel shape (512, 256), bias shape (256,)
Transferring Dense layer hidden_2, kernel shape (256, 128), bias shape (128,)
Transferring Dense layer hidden_3, kernel shape (128, 28), bias shape (28,)
Weights transferred successfully.
(101,) (101,)
Tensorflow prediction: [-0.37664065 -0.09462296  0.3905755   0.10637061 -0.6107987  -0.39153108
  0.40293157 -0.49594456 -0.17957638 -0.31049705  0.27345225 -0.0318428
  0.32141435 -0.8429441 ]
(101,) (101,)
(101,) (101,)
-----------
STEP: 128778240 reward: 16.706064224243164 reward_std: 29.154726028442383
-----------
Saving checkpoint (step: 150241280): /gpfs/home1/soyeon24/Open_Duck_Playground/checkpoints_alive2/2026_09_08_200151_150241280
 === EXPORT ONNX === 
(101,) (101,)
(101,) (101,)
(1, 14)
Transferring Dense layer hidden_0, kernel shape (101, 512), bias shape (512,)
Transferring Dense layer hidden_1, kernel shape (512, 256), bias shape (256,)
Transferring Dense layer hidden_2, kernel shape (256, 128), bias shape (128,)
Transferring Dense layer hidden_3, kernel shape (128, 28), bias shape (28,)
Weights transferred successfully.
(101,) (101,)
Tensorflow prediction: [-0.3266922  -0.01574919  0.5222639   0.33525196 -0.57512736 -0.49341848
  0.27271682 -0.09378839 -0.4398049  -0.34375522 -0.06686243  0.26672924
  0.21139681 -0.8248037 ]
(101,) (101,)
(101,) (101,)
-----------
STEP: 150241280 reward: 20.325002670288086 reward_std: 32.9860725402832
-----------
Saving checkpoint (step: 171704320): /gpfs/home1/soyeon24/Open_Duck_Playground/checkpoints_alive2/2026_09_08_200724_171704320
 === EXPORT ONNX === 
(101,) (101,)
(101,) (101,)
(1, 14)
Transferring Dense layer hidden_0, kernel shape (101, 512), bias shape (512,)
Transferring Dense layer hidden_1, kernel shape (512, 256), bias shape (256,)
Transferring Dense layer hidden_2, kernel shape (256, 128), bias shape (128,)
Transferring Dense layer hidden_3, kernel shape (128, 28), bias shape (28,)
Weights transferred successfully.
(101,) (101,)
Tensorflow prediction: [-1.5735932e-01 -1.5843637e-02 -4.5125637e-02  1.6096029e-01
 -7.3468469e-02 -2.9602140e-01  3.3574024e-01 -2.6381654e-01
  1.6730319e-01 -5.1983345e-01 -5.4849300e-04  3.2193971e-01
  4.6421561e-01 -8.1242943e-01]
(101,) (101,)
(101,) (101,)
-----------
STEP: 171704320 reward: 19.709232330322266 reward_std: 29.82807159423828
-----------
Saving checkpoint (step: 193167360): /gpfs/home1/soyeon24/Open_Duck_Playground/checkpoints_alive2/2026_09_08_201257_193167360
 === EXPORT ONNX === 
(101,) (101,)
(101,) (101,)
(1, 14)
Transferring Dense layer hidden_0, kernel shape (101, 512), bias shape (512,)
Transferring Dense layer hidden_1, kernel shape (512, 256), bias shape (256,)
Transferring Dense layer hidden_2, kernel shape (256, 128), bias shape (128,)
Transferring Dense layer hidden_3, kernel shape (128, 28), bias shape (28,)
Weights transferred successfully.
(101,) (101,)
Tensorflow prediction: [-0.31559473  0.02978389  0.23431808 -0.0141318  -0.20087107 -0.19614337
 -0.04360139 -0.288904    0.01194494 -0.2540035   0.07750114  0.10945505
  0.32495415 -0.39276037]
(101,) (101,)
(101,) (101,)
-----------
STEP: 193167360 reward: 21.188196182250977 reward_std: 34.13207244873047
-----------
Saving checkpoint (step: 214630400): /gpfs/home1/soyeon24/Open_Duck_Playground/checkpoints_alive2/2026_09_08_201831_214630400
 === EXPORT ONNX === 
(101,) (101,)
(101,) (101,)
(1, 14)
Transferring Dense layer hidden_0, kernel shape (101, 512), bias shape (512,)
Transferring Dense layer hidden_1, kernel shape (512, 256), bias shape (256,)
Transferring Dense layer hidden_2, kernel shape (256, 128), bias shape (128,)
Transferring Dense layer hidden_3, kernel shape (128, 28), bias shape (28,)
Weights transferred successfully.
(101,) (101,)
Tensorflow prediction: [-0.16143246 -0.05463246  0.0528307   0.30900502  0.17633675  0.14990605
 -0.2617074  -0.32854885 -0.14652121 -0.3584509  -0.1715181   0.24873085
  0.05392769 -0.66440654]
(101,) (101,)
(101,) (101,)
-----------
STEP: 214630400 reward: 16.543251037597656 reward_std: 25.693857192993164
-----------
Saving checkpoint (step: 236093440): /gpfs/home1/soyeon24/Open_Duck_Playground/checkpoints_alive2/2026_09_08_202406_236093440
 === EXPORT ONNX === 
(101,) (101,)
(101,) (101,)
(1, 14)
Transferring Dense layer hidden_0, kernel shape (101, 512), bias shape (512,)
Transferring Dense layer hidden_1, kernel shape (512, 256), bias shape (256,)
Transferring Dense layer hidden_2, kernel shape (256, 128), bias shape (128,)
Transferring Dense layer hidden_3, kernel shape (128, 28), bias shape (28,)
Weights transferred successfully.
(101,) (101,)
Tensorflow prediction: [-0.28373998 -0.01211556 -0.16368616  0.21491246  0.29807425 -0.19152781
 -0.40490916  0.02233147 -0.14223245 -0.26944587 -0.01923171  0.20466429
  0.21254264 -0.59344065]
(101,) (101,)
(101,) (101,)
-----------
STEP: 236093440 reward: 17.550146102905273 reward_std: 26.685222625732422
-----------
Saving checkpoint (step: 257556480): /gpfs/home1/soyeon24/Open_Duck_Playground/checkpoints_alive2/2026_09_08_202941_257556480
 === EXPORT ONNX === 
(101,) (101,)
(101,) (101,)
(1, 14)
Transferring Dense layer hidden_0, kernel shape (101, 512), bias shape (512,)
Transferring Dense layer hidden_1, kernel shape (512, 256), bias shape (256,)
Transferring Dense layer hidden_2, kernel shape (256, 128), bias shape (128,)
Transferring Dense layer hidden_3, kernel shape (128, 28), bias shape (28,)
Weights transferred successfully.
(101,) (101,)
Tensorflow prediction: [-0.2926596  -0.2071119  -0.0469341  -0.07095477  0.28455964  0.02060701
  0.15772007 -0.26146594 -0.15128303 -0.23598465 -0.4426291   0.31928864
 -0.16759212 -0.5768933 ]
(101,) (101,)
(101,) (101,)
-----------
STEP: 257556480 reward: 19.672813415527344 reward_std: 26.515361785888672
-----------
Saving checkpoint (step: 279019520): /gpfs/home1/soyeon24/Open_Duck_Playground/checkpoints_alive2/2026_09_08_203516_279019520
 === EXPORT ONNX === 
(101,) (101,)
(101,) (101,)
(1, 14)
Transferring Dense layer hidden_0, kernel shape (101, 512), bias shape (512,)
Transferring Dense layer hidden_1, kernel shape (512, 256), bias shape (256,)
Transferring Dense layer hidden_2, kernel shape (256, 128), bias shape (128,)
Transferring Dense layer hidden_3, kernel shape (128, 28), bias shape (28,)
Weights transferred successfully.
(101,) (101,)
Tensorflow prediction: [-0.0522476   0.0028656  -0.41040483 -0.07001454  0.5435884   0.19549169
  0.5696382  -0.48119995 -0.05060427 -0.13363516  0.15518565  0.6471406
  0.13126807 -0.33766657]
(101,) (101,)
(101,) (101,)
-----------
STEP: 279019520 reward: 23.384132385253906 reward_std: 33.82982635498047
-----------
Saving checkpoint (step: 300482560): /gpfs/home1/soyeon24/Open_Duck_Playground/checkpoints_alive2/2026_09_08_204049_300482560
 === EXPORT ONNX === 
(101,) (101,)
(101,) (101,)
(1, 14)
Transferring Dense layer hidden_0, kernel shape (101, 512), bias shape (512,)
Transferring Dense layer hidden_1, kernel shape (512, 256), bias shape (256,)
Transferring Dense layer hidden_2, kernel shape (256, 128), bias shape (128,)
Transferring Dense layer hidden_3, kernel shape (128, 28), bias shape (28,)
Weights transferred successfully.
(101,) (101,)
Tensorflow prediction: [-0.12654346 -0.224963   -0.06090026 -0.29231524  0.38199362 -0.02822666
  0.12017782 -0.32591715  0.18288279  0.01634567  0.18837532  0.32827115
 -0.4479079  -0.351111  ]
(101,) (101,)
(101,) (101,)
-----------
STEP: 300482560 reward: 21.460573196411133 reward_std: 30.523868560791016
-----------
=== end Tue Sep  8 20:40:59 KST 2026 / exit 0 ===
