=== node n009.hpc / job 972703 / part gpu1 / start Sat Sep 12 16:29:54 KST 2026 ===
name, memory.total [MiB], driver_version
NVIDIA GeForce RTX 3090, 24576 MiB, 595.45.04
[warm] 웜스타트 대상 없음 → 처음부터
xml: /gpfs/home1/soyeon24/Open_Duck_Playground/playground/open_duck_mini_v2/xmls/scene_flat_terrain_backlash.xml
actuators: ['left_hip_yaw', 'left_hip_roll', 'left_hip_pitch', 'left_knee', 'left_ankle', 'neck_pitch', 'head_pitch', 'head_yaw', 'head_roll', 'right_hip_yaw', 'right_hip_roll', 'right_hip_pitch', 'right_knee', 'right_ankle']
joints: ['floating_base', 'left_hip_yaw', 'left_hip_yaw_backlash', 'left_hip_roll', 'left_hip_roll_backlash', 'left_hip_pitch', 'left_hip_pitch_backlash', 'left_knee', 'left_knee_backlash', 'left_ankle', 'left_ankle_backlash', 'neck_pitch', 'head_pitch', 'head_yaw', 'head_roll', 'right_hip_yaw', 'right_hip_yaw_backlash', 'right_hip_roll', 'right_hip_roll_backlash', 'right_hip_pitch', 'right_hip_pitch_backlash', 'right_knee', 'right_knee_backlash', 'right_ankle', 'right_ankle_backlash']
backlash joints: ['left_hip_yaw_backlash', 'left_hip_roll_backlash', 'left_hip_pitch_backlash', 'left_knee_backlash', 'left_ankle_backlash', 'right_hip_yaw_backlash', 'right_hip_roll_backlash', 'right_hip_pitch_backlash', 'right_knee_backlash', 'right_ankle_backlash']
actuator joints ids: [1, 3, 5, 7, 9, 11, 12, 13, 14, 15, 17, 19, 21, 23]
actuator joints dict: {'left_hip_yaw': 1, 'left_hip_roll': 3, 'left_hip_pitch': 5, 'left_knee': 7, 'left_ankle': 9, 'neck_pitch': 11, 'head_pitch': 12, 'head_yaw': 13, 'head_roll': 14, 'right_hip_yaw': 15, 'right_hip_roll': 17, 'right_hip_pitch': 19, 'right_knee': 21, 'right_ankle': 23}
floating qpos addr: 0 qvel addr: 0
[Poly ref data] Processing ...
[Poly ref data] Done processing
xml: /gpfs/home1/soyeon24/Open_Duck_Playground/playground/open_duck_mini_v2/xmls/scene_flat_terrain_backlash.xml
actuators: ['left_hip_yaw', 'left_hip_roll', 'left_hip_pitch', 'left_knee', 'left_ankle', 'neck_pitch', 'head_pitch', 'head_yaw', 'head_roll', 'right_hip_yaw', 'right_hip_roll', 'right_hip_pitch', 'right_knee', 'right_ankle']
joints: ['floating_base', 'left_hip_yaw', 'left_hip_yaw_backlash', 'left_hip_roll', 'left_hip_roll_backlash', 'left_hip_pitch', 'left_hip_pitch_backlash', 'left_knee', 'left_knee_backlash', 'left_ankle', 'left_ankle_backlash', 'neck_pitch', 'head_pitch', 'head_yaw', 'head_roll', 'right_hip_yaw', 'right_hip_yaw_backlash', 'right_hip_roll', 'right_hip_roll_backlash', 'right_hip_pitch', 'right_hip_pitch_backlash', 'right_knee', 'right_knee_backlash', 'right_ankle', 'right_ankle_backlash']
backlash joints: ['left_hip_yaw_backlash', 'left_hip_roll_backlash', 'left_hip_pitch_backlash', 'left_knee_backlash', 'left_ankle_backlash', 'right_hip_yaw_backlash', 'right_hip_roll_backlash', 'right_hip_pitch_backlash', 'right_knee_backlash', 'right_ankle_backlash']
actuator joints ids: [1, 3, 5, 7, 9, 11, 12, 13, 14, 15, 17, 19, 21, 23]
actuator joints dict: {'left_hip_yaw': 1, 'left_hip_roll': 3, 'left_hip_pitch': 5, 'left_knee': 7, 'left_ankle': 9, 'neck_pitch': 11, 'head_pitch': 12, 'head_yaw': 13, 'head_roll': 14, 'right_hip_yaw': 15, 'right_hip_roll': 17, 'right_hip_pitch': 19, 'right_knee': 21, 'right_ankle': 23}
floating qpos addr: 0 qvel addr: 0
[Poly ref data] Processing ...
[Poly ref data] Done processing
Observation size: 101
PPO params: {'action_repeat': 1, 'batch_size': 256, 'clipping_epsilon': 0.2, 'discounting': 0.97, 'entropy_cost': 0.005, 'episode_length': 1000, 'learning_rate': 0.0003, 'max_grad_norm': 1.0, 'normalize_observations': True, 'num_envs': 8192, 'num_evals': 15, 'num_minibatches': 32, 'num_resets_per_eval': 1, 'num_timesteps': 300000000, 'num_updates_per_batch': 4, 'reward_scaling': 1.0, 'unroll_length': 20}
-----------
STEP: 0 reward: 5.9812331199646 reward_std: 5.821414470672607
-----------
Saving checkpoint (step: 0): /gpfs/home1/soyeon24/Open_Duck_Playground/checkpoints_fr186/2026_09_12_163503_0
 === EXPORT ONNX === 
(101,) (101,)
(101,) (101,)
(1, 14)
Transferring Dense layer hidden_0, kernel shape (101, 512), bias shape (512,)
Transferring Dense layer hidden_1, kernel shape (512, 256), bias shape (256,)
Transferring Dense layer hidden_2, kernel shape (256, 128), bias shape (128,)
Transferring Dense layer hidden_3, kernel shape (128, 28), bias shape (28,)
Weights transferred successfully.
(101,) (101,)
Tensorflow prediction: [ 0.02309905 -0.01063621  0.13225034  0.09340208 -0.07243866  0.17713644
  0.15884155  0.12745392 -0.00975049 -0.17488673  0.04536586  0.20230038
  0.1690991  -0.21251443]
(101,) (101,)
(101,) (101,)
Saving checkpoint (step: 21463040): /gpfs/home1/soyeon24/Open_Duck_Playground/checkpoints_fr186/2026_09_12_164209_21463040
 === EXPORT ONNX === 
(101,) (101,)
(101,) (101,)
(1, 14)
Transferring Dense layer hidden_0, kernel shape (101, 512), bias shape (512,)
Transferring Dense layer hidden_1, kernel shape (512, 256), bias shape (256,)
Transferring Dense layer hidden_2, kernel shape (256, 128), bias shape (128,)
Transferring Dense layer hidden_3, kernel shape (128, 28), bias shape (28,)
Weights transferred successfully.
(101,) (101,)
Tensorflow prediction: [-0.18750986 -0.9691803   0.17861114 -0.6479851  -0.953798    0.9746475
 -0.33386502  0.6782332   0.02813689  0.14327286  0.32916144 -0.7131946
  0.76340884  0.91782254]
(101,) (101,)
(101,) (101,)
-----------
STEP: 21463040 reward: 152.22232055664062 reward_std: 121.14667510986328
-----------
Saving checkpoint (step: 42926080): /gpfs/home1/soyeon24/Open_Duck_Playground/checkpoints_fr186/2026_09_12_164707_42926080
 === EXPORT ONNX === 
(101,) (101,)
(101,) (101,)
(1, 14)
Transferring Dense layer hidden_0, kernel shape (101, 512), bias shape (512,)
Transferring Dense layer hidden_1, kernel shape (512, 256), bias shape (256,)
Transferring Dense layer hidden_2, kernel shape (256, 128), bias shape (128,)
Transferring Dense layer hidden_3, kernel shape (128, 28), bias shape (28,)
Weights transferred successfully.
(101,) (101,)
Tensorflow prediction: [-0.10587703  0.03242587 -0.04949372 -0.66070884 -0.69827706  0.417566
  0.4716635   0.94955206  0.7913135   0.5189528   0.40099892 -0.01423066
  0.528484    0.30069873]
(101,) (101,)
(101,) (101,)
-----------
STEP: 42926080 reward: 162.73980712890625 reward_std: 119.88673400878906
-----------
Saving checkpoint (step: 64389120): /gpfs/home1/soyeon24/Open_Duck_Playground/checkpoints_fr186/2026_09_12_165205_64389120
 === EXPORT ONNX === 
(101,) (101,)
(101,) (101,)
(1, 14)
Transferring Dense layer hidden_0, kernel shape (101, 512), bias shape (512,)
Transferring Dense layer hidden_1, kernel shape (512, 256), bias shape (256,)
Transferring Dense layer hidden_2, kernel shape (256, 128), bias shape (128,)
Transferring Dense layer hidden_3, kernel shape (128, 28), bias shape (28,)
Weights transferred successfully.
(101,) (101,)
Tensorflow prediction: [-0.6409021  -0.04408209  0.12759587 -0.8499574   0.40231016  0.97657776
  0.9930202   0.9991221   0.992711    0.75039256 -0.0053756   0.7840643
 -0.42891622  0.93578273]
(101,) (101,)
(101,) (101,)
-----------
STEP: 64389120 reward: 159.21261596679688 reward_std: 124.26372528076172
-----------
Saving checkpoint (step: 85852160): /gpfs/home1/soyeon24/Open_Duck_Playground/checkpoints_fr186/2026_09_12_165703_85852160
 === EXPORT ONNX === 
(101,) (101,)
(101,) (101,)
(1, 14)
Transferring Dense layer hidden_0, kernel shape (101, 512), bias shape (512,)
Transferring Dense layer hidden_1, kernel shape (512, 256), bias shape (256,)
Transferring Dense layer hidden_2, kernel shape (256, 128), bias shape (128,)
Transferring Dense layer hidden_3, kernel shape (128, 28), bias shape (28,)
Weights transferred successfully.
(101,) (101,)
Tensorflow prediction: [ 0.21909313  0.40781072 -0.06271853 -0.5765448   0.2851325   0.9981879
  0.99956846  0.9999826   0.99684536  0.56285614  0.8144227   0.4973413
  0.68108416  0.9738966 ]
(101,) (101,)
(101,) (101,)
-----------
STEP: 85852160 reward: 185.34088134765625 reward_std: 135.94375610351562
-----------
Saving checkpoint (step: 107315200): /gpfs/home1/soyeon24/Open_Duck_Playground/checkpoints_fr186/2026_09_12_170200_107315200
 === EXPORT ONNX === 
(101,) (101,)
(101,) (101,)
(1, 14)
Transferring Dense layer hidden_0, kernel shape (101, 512), bias shape (512,)
Transferring Dense layer hidden_1, kernel shape (512, 256), bias shape (256,)
Transferring Dense layer hidden_2, kernel shape (256, 128), bias shape (128,)
Transferring Dense layer hidden_3, kernel shape (128, 28), bias shape (28,)
Weights transferred successfully.
(101,) (101,)
Tensorflow prediction: [-0.23688336 -0.44462255 -0.95041543 -0.7773622   0.35779083  0.9944796
  0.9994979   0.9999626   0.99951833  0.7211981   0.8640313   0.89922404
  0.82066643  0.35847583]
(101,) (101,)
(101,) (101,)
-----------
STEP: 107315200 reward: 172.079345703125 reward_std: 137.24356079101562
-----------
Saving checkpoint (step: 128778240): /gpfs/home1/soyeon24/Open_Duck_Playground/checkpoints_fr186/2026_09_12_170658_128778240
 === EXPORT ONNX === 
(101,) (101,)
(101,) (101,)
(1, 14)
Transferring Dense layer hidden_0, kernel shape (101, 512), bias shape (512,)
Transferring Dense layer hidden_1, kernel shape (512, 256), bias shape (256,)
Transferring Dense layer hidden_2, kernel shape (256, 128), bias shape (128,)
Transferring Dense layer hidden_3, kernel shape (128, 28), bias shape (28,)
Weights transferred successfully.
(101,) (101,)
Tensorflow prediction: [-0.45412087 -0.1038911  -0.84165204 -0.4910293   0.4131457   0.9999142
  0.9981395   0.99999577  0.9999293   0.6255008   0.7938663   0.80928296
  0.6369912   0.9542208 ]
(101,) (101,)
(101,) (101,)
-----------
STEP: 128778240 reward: 163.81260681152344 reward_std: 132.76426696777344
-----------
Saving checkpoint (step: 150241280): /gpfs/home1/soyeon24/Open_Duck_Playground/checkpoints_fr186/2026_09_12_171155_150241280
 === EXPORT ONNX === 
(101,) (101,)
(101,) (101,)
(1, 14)
Transferring Dense layer hidden_0, kernel shape (101, 512), bias shape (512,)
Transferring Dense layer hidden_1, kernel shape (512, 256), bias shape (256,)
Transferring Dense layer hidden_2, kernel shape (256, 128), bias shape (128,)
Transferring Dense layer hidden_3, kernel shape (128, 28), bias shape (28,)
Weights transferred successfully.
(101,) (101,)
Tensorflow prediction: [-0.4086888  -0.02549553 -0.8967727  -0.27087772 -0.20306785  0.999994
  0.99927557  0.99990904  0.9996903   0.5540945   0.7253228   0.9514478
  0.649765    0.96750706]
(101,) (101,)
(101,) (101,)
-----------
STEP: 150241280 reward: 177.02670288085938 reward_std: 136.67149353027344
-----------
Saving checkpoint (step: 171704320): /gpfs/home1/soyeon24/Open_Duck_Playground/checkpoints_fr186/2026_09_12_171652_171704320
 === EXPORT ONNX === 
(101,) (101,)
(101,) (101,)
(1, 14)
Transferring Dense layer hidden_0, kernel shape (101, 512), bias shape (512,)
Transferring Dense layer hidden_1, kernel shape (512, 256), bias shape (256,)
Transferring Dense layer hidden_2, kernel shape (256, 128), bias shape (128,)
Transferring Dense layer hidden_3, kernel shape (128, 28), bias shape (28,)
Weights transferred successfully.
(101,) (101,)
Tensorflow prediction: [ 0.18822406  0.5377503  -0.72215545  0.23470959 -0.59492713  0.9997453
  0.65841746  0.9859336   0.9991528  -0.09610662  0.9356296   0.997119
  0.38626552  0.9707265 ]
(101,) (101,)
(101,) (101,)
-----------
STEP: 171704320 reward: 178.67291259765625 reward_std: 132.90496826171875
-----------
Saving checkpoint (step: 193167360): /gpfs/home1/soyeon24/Open_Duck_Playground/checkpoints_fr186/2026_09_12_172150_193167360
 === EXPORT ONNX === 
(101,) (101,)
(101,) (101,)
(1, 14)
Transferring Dense layer hidden_0, kernel shape (101, 512), bias shape (512,)
Transferring Dense layer hidden_1, kernel shape (512, 256), bias shape (256,)
Transferring Dense layer hidden_2, kernel shape (256, 128), bias shape (128,)
Transferring Dense layer hidden_3, kernel shape (128, 28), bias shape (28,)
Weights transferred successfully.
(101,) (101,)
Tensorflow prediction: [-0.56471497  0.509898   -0.9657993  -0.16557382  0.4412996   0.9996987
  0.9859542   0.99847066  0.9991531   0.15252566  0.84827936  0.9886466
  0.9454943   0.89469385]
(101,) (101,)
(101,) (101,)
-----------
STEP: 193167360 reward: 193.5397491455078 reward_std: 143.79844665527344
-----------
Saving checkpoint (step: 214630400): /gpfs/home1/soyeon24/Open_Duck_Playground/checkpoints_fr186/2026_09_12_172648_214630400
 === EXPORT ONNX === 
(101,) (101,)
(101,) (101,)
(1, 14)
Transferring Dense layer hidden_0, kernel shape (101, 512), bias shape (512,)
Transferring Dense layer hidden_1, kernel shape (512, 256), bias shape (256,)
Transferring Dense layer hidden_2, kernel shape (256, 128), bias shape (128,)
Transferring Dense layer hidden_3, kernel shape (128, 28), bias shape (28,)
Weights transferred successfully.
(101,) (101,)
Tensorflow prediction: [ 0.42065677 -0.43899274 -0.9826319   0.48004416 -0.77228415  0.7000386
  0.9081671   0.9771494   0.96806145 -0.29495877  0.54795265  0.9835796
  0.9439225   0.9936157 ]
(101,) (101,)
(101,) (101,)
-----------
STEP: 214630400 reward: 159.49603271484375 reward_std: 129.89039611816406
-----------
Saving checkpoint (step: 236093440): /gpfs/home1/soyeon24/Open_Duck_Playground/checkpoints_fr186/2026_09_12_173146_236093440
 === EXPORT ONNX === 
(101,) (101,)
(101,) (101,)
(1, 14)
Transferring Dense layer hidden_0, kernel shape (101, 512), bias shape (512,)
Transferring Dense layer hidden_1, kernel shape (512, 256), bias shape (256,)
Transferring Dense layer hidden_2, kernel shape (256, 128), bias shape (128,)
Transferring Dense layer hidden_3, kernel shape (128, 28), bias shape (28,)
Weights transferred successfully.
(101,) (101,)
Tensorflow prediction: [ 0.2799199  -0.7634865  -0.9329049   0.41683748 -0.03024052  0.90962577
  0.99741066  0.99940866  0.9981649  -0.0364496   0.7322618   0.98509073
  0.67728215  0.9895194 ]
(101,) (101,)
(101,) (101,)
-----------
STEP: 236093440 reward: 156.88192749023438 reward_std: 123.80506896972656
-----------
Saving checkpoint (step: 257556480): /gpfs/home1/soyeon24/Open_Duck_Playground/checkpoints_fr186/2026_09_12_173643_257556480
 === EXPORT ONNX === 
(101,) (101,)
(101,) (101,)
(1, 14)
Transferring Dense layer hidden_0, kernel shape (101, 512), bias shape (512,)
Transferring Dense layer hidden_1, kernel shape (512, 256), bias shape (256,)
Transferring Dense layer hidden_2, kernel shape (256, 128), bias shape (128,)
Transferring Dense layer hidden_3, kernel shape (128, 28), bias shape (28,)
Weights transferred successfully.
(101,) (101,)
Tensorflow prediction: [ 0.50119233  0.25609627 -0.26514328 -0.29641178  0.35366875  0.73775345
  0.99966353  0.99661976  0.99938524 -0.17750318  0.6470148   0.99485147
 -0.32797024  0.9937221 ]
(101,) (101,)
(101,) (101,)
-----------
STEP: 257556480 reward: 180.83859252929688 reward_std: 117.8180160522461
-----------
Saving checkpoint (step: 279019520): /gpfs/home1/soyeon24/Open_Duck_Playground/checkpoints_fr186/2026_09_12_174141_279019520
 === EXPORT ONNX === 
(101,) (101,)
(101,) (101,)
(1, 14)
Transferring Dense layer hidden_0, kernel shape (101, 512), bias shape (512,)
Transferring Dense layer hidden_1, kernel shape (512, 256), bias shape (256,)
Transferring Dense layer hidden_2, kernel shape (256, 128), bias shape (128,)
Transferring Dense layer hidden_3, kernel shape (128, 28), bias shape (28,)
Weights transferred successfully.
(101,) (101,)
Tensorflow prediction: [-0.5521381   0.22826494 -0.00757391  0.37926185 -0.23768334  0.996853
  0.99175423  0.71818036  0.9999866   0.8075955   0.6968026   0.99974066
  0.77104926  0.6685124 ]
(101,) (101,)
(101,) (101,)
-----------
STEP: 279019520 reward: 162.87484741210938 reward_std: 126.37362670898438
-----------
Saving checkpoint (step: 300482560): /gpfs/home1/soyeon24/Open_Duck_Playground/checkpoints_fr186/2026_09_12_174638_300482560
 === EXPORT ONNX === 
(101,) (101,)
(101,) (101,)
(1, 14)
Transferring Dense layer hidden_0, kernel shape (101, 512), bias shape (512,)
Transferring Dense layer hidden_1, kernel shape (512, 256), bias shape (256,)
Transferring Dense layer hidden_2, kernel shape (256, 128), bias shape (128,)
Transferring Dense layer hidden_3, kernel shape (128, 28), bias shape (28,)
Weights transferred successfully.
(101,) (101,)
Tensorflow prediction: [ 0.22847484 -0.09077401 -0.9004507  -0.7189158   0.6046904   0.9155064
  0.9659464   0.97960633  0.93624353  0.03152151  0.99827343  0.9815244
  0.88515633  0.9955278 ]
(101,) (101,)
(101,) (101,)
-----------
STEP: 300482560 reward: 153.0071563720703 reward_std: 128.36270141601562
-----------
=== end Sat Sep 12 17:46:52 KST 2026 / exit 0 ===
