=== node n002.hpc / job 994831 / part gpu1 / start Mon Sep 28 09:06:06 KST 2026 ===
name, memory.total [MiB], driver_version
NVIDIA GeForce RTX 3090, 24576 MiB, 595.45.04
[warm] 웜스타트 대상 없음 → 처음부터
xml: /gpfs/home1/soyeon24/Open_Duck_Playground/playground/open_duck_mini_v2/xmls/scene_flat_terrain_backlash.xml
actuators: ['left_hip_yaw', 'left_hip_roll', 'left_hip_pitch', 'left_knee', 'left_ankle', 'neck_pitch', 'head_pitch', 'head_yaw', 'head_roll', 'right_hip_yaw', 'right_hip_roll', 'right_hip_pitch', 'right_knee', 'right_ankle']
joints: ['floating_base', 'left_hip_yaw', 'left_hip_yaw_backlash', 'left_hip_roll', 'left_hip_roll_backlash', 'left_hip_pitch', 'left_hip_pitch_backlash', 'left_knee', 'left_knee_backlash', 'left_ankle', 'left_ankle_backlash', 'neck_pitch', 'head_pitch', 'head_yaw', 'head_roll', 'right_hip_yaw', 'right_hip_yaw_backlash', 'right_hip_roll', 'right_hip_roll_backlash', 'right_hip_pitch', 'right_hip_pitch_backlash', 'right_knee', 'right_knee_backlash', 'right_ankle', 'right_ankle_backlash']
backlash joints: ['left_hip_yaw_backlash', 'left_hip_roll_backlash', 'left_hip_pitch_backlash', 'left_knee_backlash', 'left_ankle_backlash', 'right_hip_yaw_backlash', 'right_hip_roll_backlash', 'right_hip_pitch_backlash', 'right_knee_backlash', 'right_ankle_backlash']
actuator joints ids: [1, 3, 5, 7, 9, 11, 12, 13, 14, 15, 17, 19, 21, 23]
actuator joints dict: {'left_hip_yaw': 1, 'left_hip_roll': 3, 'left_hip_pitch': 5, 'left_knee': 7, 'left_ankle': 9, 'neck_pitch': 11, 'head_pitch': 12, 'head_yaw': 13, 'head_roll': 14, 'right_hip_yaw': 15, 'right_hip_roll': 17, 'right_hip_pitch': 19, 'right_knee': 21, 'right_ankle': 23}
floating qpos addr: 0 qvel addr: 0
[joystick] action_scale: legs 0.250 / head 0.250
[joystick] lin_vel_x [-0.148, 0.222] / lin_vel_y [-0.2, 0.2] / head_pos_w 0.0
[Poly ref data] Processing ...
[Poly ref data] Done processing
xml: /gpfs/home1/soyeon24/Open_Duck_Playground/playground/open_duck_mini_v2/xmls/scene_flat_terrain_backlash.xml
actuators: ['left_hip_yaw', 'left_hip_roll', 'left_hip_pitch', 'left_knee', 'left_ankle', 'neck_pitch', 'head_pitch', 'head_yaw', 'head_roll', 'right_hip_yaw', 'right_hip_roll', 'right_hip_pitch', 'right_knee', 'right_ankle']
joints: ['floating_base', 'left_hip_yaw', 'left_hip_yaw_backlash', 'left_hip_roll', 'left_hip_roll_backlash', 'left_hip_pitch', 'left_hip_pitch_backlash', 'left_knee', 'left_knee_backlash', 'left_ankle', 'left_ankle_backlash', 'neck_pitch', 'head_pitch', 'head_yaw', 'head_roll', 'right_hip_yaw', 'right_hip_yaw_backlash', 'right_hip_roll', 'right_hip_roll_backlash', 'right_hip_pitch', 'right_hip_pitch_backlash', 'right_knee', 'right_knee_backlash', 'right_ankle', 'right_ankle_backlash']
backlash joints: ['left_hip_yaw_backlash', 'left_hip_roll_backlash', 'left_hip_pitch_backlash', 'left_knee_backlash', 'left_ankle_backlash', 'right_hip_yaw_backlash', 'right_hip_roll_backlash', 'right_hip_pitch_backlash', 'right_knee_backlash', 'right_ankle_backlash']
actuator joints ids: [1, 3, 5, 7, 9, 11, 12, 13, 14, 15, 17, 19, 21, 23]
actuator joints dict: {'left_hip_yaw': 1, 'left_hip_roll': 3, 'left_hip_pitch': 5, 'left_knee': 7, 'left_ankle': 9, 'neck_pitch': 11, 'head_pitch': 12, 'head_yaw': 13, 'head_roll': 14, 'right_hip_yaw': 15, 'right_hip_roll': 17, 'right_hip_pitch': 19, 'right_knee': 21, 'right_ankle': 23}
floating qpos addr: 0 qvel addr: 0
[joystick] action_scale: legs 0.250 / head 0.250
[joystick] lin_vel_x [-0.148, 0.222] / lin_vel_y [-0.2, 0.2] / head_pos_w 0.0
[Poly ref data] Processing ...
[Poly ref data] Done processing
Observation size: 101
PPO params: {'action_repeat': 1, 'batch_size': 256, 'clipping_epsilon': 0.2, 'discounting': 0.97, 'entropy_cost': 0.005, 'episode_length': 1000, 'learning_rate': 0.0003, 'max_grad_norm': 1.0, 'normalize_observations': True, 'num_envs': 8192, 'num_evals': 15, 'num_minibatches': 32, 'num_resets_per_eval': 1, 'num_timesteps': 300000000, 'num_updates_per_batch': 4, 'reward_scaling': 1.0, 'unroll_length': 20, 'seed': 1}
[randomize] actuator_forcerange ~ U(1.40, 1.90) per joint
[randomize] actuator_forcerange ~ U(1.40, 1.90) per joint
-----------
STEP: 0 reward: 15.09717845916748 reward_std: 8.4093599319458
-----------
Saving checkpoint (step: 0): /gpfs/home1/soyeon24/Open_Duck_Playground/checkpoints_hp0dy2_s2/2026_09_28_091008_0
 === EXPORT ONNX === 
(101,) (101,)
(101,) (101,)
(1, 14)
Transferring Dense layer hidden_0, kernel shape (101, 512), bias shape (512,)
Transferring Dense layer hidden_1, kernel shape (512, 256), bias shape (256,)
Transferring Dense layer hidden_2, kernel shape (256, 128), bias shape (128,)
Transferring Dense layer hidden_3, kernel shape (128, 28), bias shape (28,)
Weights transferred successfully.
(101,) (101,)
Tensorflow prediction: [ 0.23563246 -0.11216021  0.13946775  0.03817539 -0.09867356  0.03237091
 -0.00873548 -0.28905934 -0.1487105   0.10176302  0.00628113  0.13508376
 -0.02650194  0.03155411]
(101,) (101,)
(101,) (101,)
Saving checkpoint (step: 21463040): /gpfs/home1/soyeon24/Open_Duck_Playground/checkpoints_hp0dy2_s2/2026_09_28_091641_21463040
 === EXPORT ONNX === 
(101,) (101,)
(101,) (101,)
(1, 14)
Transferring Dense layer hidden_0, kernel shape (101, 512), bias shape (512,)
Transferring Dense layer hidden_1, kernel shape (512, 256), bias shape (256,)
Transferring Dense layer hidden_2, kernel shape (256, 128), bias shape (128,)
Transferring Dense layer hidden_3, kernel shape (128, 28), bias shape (28,)
Weights transferred successfully.
(101,) (101,)
Tensorflow prediction: [ 0.77535814  0.11155785 -0.06076141  0.5901227  -0.9716531   0.90810287
 -0.32436356 -0.78276485 -0.31098142 -0.13228226  0.3657709  -0.5077061
 -0.8731372   0.04077584]
(101,) (101,)
(101,) (101,)
-----------
STEP: 21463040 reward: 209.27537536621094 reward_std: 147.76016235351562
-----------
Saving checkpoint (step: 42926080): /gpfs/home1/soyeon24/Open_Duck_Playground/checkpoints_hp0dy2_s2/2026_09_28_092135_42926080
 === EXPORT ONNX === 
(101,) (101,)
(101,) (101,)
(1, 14)
Transferring Dense layer hidden_0, kernel shape (101, 512), bias shape (512,)
Transferring Dense layer hidden_1, kernel shape (512, 256), bias shape (256,)
Transferring Dense layer hidden_2, kernel shape (256, 128), bias shape (128,)
Transferring Dense layer hidden_3, kernel shape (128, 28), bias shape (28,)
Weights transferred successfully.
(101,) (101,)
Tensorflow prediction: [ 0.8904112  -0.5909656   0.18500583  0.9495077  -0.9229445   0.7557525
  0.57060236  0.11773359 -0.38556257 -0.8811754   0.7283744  -0.5754567
 -0.80608904 -0.8013516 ]
(101,) (101,)
(101,) (101,)
-----------
STEP: 42926080 reward: 214.62881469726562 reward_std: 145.6008758544922
-----------
Saving checkpoint (step: 64389120): /gpfs/home1/soyeon24/Open_Duck_Playground/checkpoints_hp0dy2_s2/2026_09_28_092630_64389120
 === EXPORT ONNX === 
(101,) (101,)
(101,) (101,)
(1, 14)
Transferring Dense layer hidden_0, kernel shape (101, 512), bias shape (512,)
Transferring Dense layer hidden_1, kernel shape (512, 256), bias shape (256,)
Transferring Dense layer hidden_2, kernel shape (256, 128), bias shape (128,)
Transferring Dense layer hidden_3, kernel shape (128, 28), bias shape (28,)
Weights transferred successfully.
(101,) (101,)
Tensorflow prediction: [ 0.29275674  0.06360022 -0.37560248  0.3271144  -0.80799     0.7391957
  0.53954315  0.37686032 -0.60102546  0.06964812  0.43762472  0.6273539
  0.03324359 -0.1582619 ]
(101,) (101,)
(101,) (101,)
-----------
STEP: 64389120 reward: 224.8817138671875 reward_std: 150.5166473388672
-----------
Saving checkpoint (step: 85852160): /gpfs/home1/soyeon24/Open_Duck_Playground/checkpoints_hp0dy2_s2/2026_09_28_093124_85852160
 === EXPORT ONNX === 
(101,) (101,)
(101,) (101,)
(1, 14)
Transferring Dense layer hidden_0, kernel shape (101, 512), bias shape (512,)
Transferring Dense layer hidden_1, kernel shape (512, 256), bias shape (256,)
Transferring Dense layer hidden_2, kernel shape (256, 128), bias shape (128,)
Transferring Dense layer hidden_3, kernel shape (128, 28), bias shape (28,)
Weights transferred successfully.
(101,) (101,)
Tensorflow prediction: [ 0.5572262   0.00549325 -0.493458   -0.532628   -0.88703996  0.58230805
 -0.14228855  0.13860601  0.24122567  0.8236307   0.5309365   0.87693924
 -0.3122837   0.59969527]
(101,) (101,)
(101,) (101,)
-----------
STEP: 85852160 reward: 264.2054443359375 reward_std: 158.95933532714844
-----------
Saving checkpoint (step: 107315200): /gpfs/home1/soyeon24/Open_Duck_Playground/checkpoints_hp0dy2_s2/2026_09_28_093619_107315200
 === EXPORT ONNX === 
(101,) (101,)
(101,) (101,)
(1, 14)
Transferring Dense layer hidden_0, kernel shape (101, 512), bias shape (512,)
Transferring Dense layer hidden_1, kernel shape (512, 256), bias shape (256,)
Transferring Dense layer hidden_2, kernel shape (256, 128), bias shape (128,)
Transferring Dense layer hidden_3, kernel shape (128, 28), bias shape (28,)
Weights transferred successfully.
(101,) (101,)
Tensorflow prediction: [ 0.53066504 -0.3986922  -0.5262654   0.01308367 -0.83867455  0.8862907
  0.4117849   0.49713612  0.40695027  0.48155907  0.489672    0.6460529
 -0.39401615  0.53092927]
(101,) (101,)
(101,) (101,)
-----------
STEP: 107315200 reward: 259.21337890625 reward_std: 154.62188720703125
-----------
Saving checkpoint (step: 128778240): /gpfs/home1/soyeon24/Open_Duck_Playground/checkpoints_hp0dy2_s2/2026_09_28_094114_128778240
 === EXPORT ONNX === 
(101,) (101,)
(101,) (101,)
(1, 14)
Transferring Dense layer hidden_0, kernel shape (101, 512), bias shape (512,)
Transferring Dense layer hidden_1, kernel shape (512, 256), bias shape (256,)
Transferring Dense layer hidden_2, kernel shape (256, 128), bias shape (128,)
Transferring Dense layer hidden_3, kernel shape (128, 28), bias shape (28,)
Weights transferred successfully.
(101,) (101,)
Tensorflow prediction: [ 0.10600155  0.12576598 -0.49115303 -0.42640767 -0.8920997  -0.5007784
 -0.5562822  -0.5356087  -0.01020209  0.41269526  0.17584223 -0.0874342
 -0.33428517  0.6564666 ]
(101,) (101,)
(101,) (101,)
-----------
STEP: 128778240 reward: 261.5418701171875 reward_std: 163.12338256835938
-----------
Saving checkpoint (step: 150241280): /gpfs/home1/soyeon24/Open_Duck_Playground/checkpoints_hp0dy2_s2/2026_09_28_094609_150241280
 === EXPORT ONNX === 
(101,) (101,)
(101,) (101,)
(1, 14)
Transferring Dense layer hidden_0, kernel shape (101, 512), bias shape (512,)
Transferring Dense layer hidden_1, kernel shape (512, 256), bias shape (256,)
Transferring Dense layer hidden_2, kernel shape (256, 128), bias shape (128,)
Transferring Dense layer hidden_3, kernel shape (128, 28), bias shape (28,)
Weights transferred successfully.
(101,) (101,)
Tensorflow prediction: [ 0.5826259  -0.809541   -0.45762685 -0.7754442  -0.7332893   0.49104336
  0.23874226 -0.213695    0.37509185  0.45424762  0.8872295   0.43223226
  0.28697777 -0.7253722 ]
(101,) (101,)
(101,) (101,)
-----------
STEP: 150241280 reward: 233.33877563476562 reward_std: 159.25482177734375
-----------
Saving checkpoint (step: 171704320): /gpfs/home1/soyeon24/Open_Duck_Playground/checkpoints_hp0dy2_s2/2026_09_28_095104_171704320
 === EXPORT ONNX === 
(101,) (101,)
(101,) (101,)
(1, 14)
Transferring Dense layer hidden_0, kernel shape (101, 512), bias shape (512,)
Transferring Dense layer hidden_1, kernel shape (512, 256), bias shape (256,)
Transferring Dense layer hidden_2, kernel shape (256, 128), bias shape (128,)
Transferring Dense layer hidden_3, kernel shape (128, 28), bias shape (28,)
Weights transferred successfully.
(101,) (101,)
Tensorflow prediction: [ 0.99278396 -0.8415335  -0.72991055 -0.29826012 -0.67160636 -0.10715
  0.15045828 -0.66445225 -0.13566051  0.5578398   0.9973989   0.56497
  0.96970135  0.6322168 ]
(101,) (101,)
(101,) (101,)
-----------
STEP: 171704320 reward: 228.6453094482422 reward_std: 160.7569580078125
-----------
Saving checkpoint (step: 193167360): /gpfs/home1/soyeon24/Open_Duck_Playground/checkpoints_hp0dy2_s2/2026_09_28_095559_193167360
 === EXPORT ONNX === 
(101,) (101,)
(101,) (101,)
(1, 14)
Transferring Dense layer hidden_0, kernel shape (101, 512), bias shape (512,)
Transferring Dense layer hidden_1, kernel shape (512, 256), bias shape (256,)
Transferring Dense layer hidden_2, kernel shape (256, 128), bias shape (128,)
Transferring Dense layer hidden_3, kernel shape (128, 28), bias shape (28,)
Weights transferred successfully.
(101,) (101,)
Tensorflow prediction: [ 0.9594137  -0.00469471 -0.9158789  -0.9569886  -0.9714281  -0.6166729
 -0.98980874 -0.24938004 -0.0997941  -0.3123474   0.9993829  -0.09703372
  0.99877524  0.9268414 ]
(101,) (101,)
(101,) (101,)
-----------
STEP: 193167360 reward: 230.49462890625 reward_std: 163.17881774902344
-----------
Saving checkpoint (step: 214630400): /gpfs/home1/soyeon24/Open_Duck_Playground/checkpoints_hp0dy2_s2/2026_09_28_100053_214630400
 === EXPORT ONNX === 
(101,) (101,)
(101,) (101,)
(1, 14)
Transferring Dense layer hidden_0, kernel shape (101, 512), bias shape (512,)
Transferring Dense layer hidden_1, kernel shape (512, 256), bias shape (256,)
Transferring Dense layer hidden_2, kernel shape (256, 128), bias shape (128,)
Transferring Dense layer hidden_3, kernel shape (128, 28), bias shape (28,)
Weights transferred successfully.
(101,) (101,)
Tensorflow prediction: [ 0.62400454 -0.9636058  -0.9808067  -0.96166056 -0.993983    0.48199683
 -0.96750003  0.5560257   0.85878044 -0.11092125  0.98728156  0.9064257
  0.55531853  0.90793496]
(101,) (101,)
(101,) (101,)
-----------
STEP: 214630400 reward: 241.3277587890625 reward_std: 160.7437286376953
-----------
Saving checkpoint (step: 236093440): /gpfs/home1/soyeon24/Open_Duck_Playground/checkpoints_hp0dy2_s2/2026_09_28_100548_236093440
 === EXPORT ONNX === 
(101,) (101,)
(101,) (101,)
(1, 14)
Transferring Dense layer hidden_0, kernel shape (101, 512), bias shape (512,)
Transferring Dense layer hidden_1, kernel shape (512, 256), bias shape (256,)
Transferring Dense layer hidden_2, kernel shape (256, 128), bias shape (128,)
Transferring Dense layer hidden_3, kernel shape (128, 28), bias shape (28,)
Weights transferred successfully.
(101,) (101,)
Tensorflow prediction: [ 0.6380177  -0.63386095 -0.94214046 -0.9965776  -0.9865558   0.4231355
 -0.85310364  0.49230215  0.4688922  -0.15133676  0.9341723   0.99164236
  0.52297264 -0.07220811]
(101,) (101,)
(101,) (101,)
-----------
STEP: 236093440 reward: 208.8905792236328 reward_std: 158.07057189941406
-----------
Saving checkpoint (step: 257556480): /gpfs/home1/soyeon24/Open_Duck_Playground/checkpoints_hp0dy2_s2/2026_09_28_101044_257556480
 === EXPORT ONNX === 
(101,) (101,)
(101,) (101,)
(1, 14)
Transferring Dense layer hidden_0, kernel shape (101, 512), bias shape (512,)
Transferring Dense layer hidden_1, kernel shape (512, 256), bias shape (256,)
Transferring Dense layer hidden_2, kernel shape (256, 128), bias shape (128,)
Transferring Dense layer hidden_3, kernel shape (128, 28), bias shape (28,)
Weights transferred successfully.
(101,) (101,)
Tensorflow prediction: [ 0.3587291  -0.29003367 -0.9596208  -0.9866797  -0.9903764   0.49822703
 -0.89517224  0.60305524  0.67974275  0.92187417  0.964783    0.9781794
  0.9086346   0.76788753]
(101,) (101,)
(101,) (101,)
-----------
STEP: 257556480 reward: 232.78097534179688 reward_std: 162.64553833007812
-----------
Saving checkpoint (step: 279019520): /gpfs/home1/soyeon24/Open_Duck_Playground/checkpoints_hp0dy2_s2/2026_09_28_101539_279019520
 === EXPORT ONNX === 
(101,) (101,)
(101,) (101,)
(1, 14)
Transferring Dense layer hidden_0, kernel shape (101, 512), bias shape (512,)
Transferring Dense layer hidden_1, kernel shape (512, 256), bias shape (256,)
Transferring Dense layer hidden_2, kernel shape (256, 128), bias shape (128,)
Transferring Dense layer hidden_3, kernel shape (128, 28), bias shape (28,)
Weights transferred successfully.
(101,) (101,)
Tensorflow prediction: [-0.44616613 -0.55837536 -0.9684714  -0.99794894 -0.9967301  -0.84722346
 -0.9239884   0.33988333  0.5172857   0.6894146   0.88535947  0.77662367
  0.2848749   0.86558664]
(101,) (101,)
(101,) (101,)
-----------
STEP: 279019520 reward: 259.125732421875 reward_std: 153.94873046875
-----------
Saving checkpoint (step: 300482560): /gpfs/home1/soyeon24/Open_Duck_Playground/checkpoints_hp0dy2_s2/2026_09_28_102034_300482560
 === EXPORT ONNX === 
(101,) (101,)
(101,) (101,)
(1, 14)
Transferring Dense layer hidden_0, kernel shape (101, 512), bias shape (512,)
Transferring Dense layer hidden_1, kernel shape (512, 256), bias shape (256,)
Transferring Dense layer hidden_2, kernel shape (256, 128), bias shape (128,)
Transferring Dense layer hidden_3, kernel shape (128, 28), bias shape (28,)
Weights transferred successfully.
(101,) (101,)
Tensorflow prediction: [-0.31564158 -0.6682607  -0.980878   -0.9676682  -0.9946171  -0.9353653
 -0.82997805  0.511182    0.8955948   0.88354135  0.641467    0.03153514
 -0.39016488  0.96235126]
(101,) (101,)
(101,) (101,)
-----------
STEP: 300482560 reward: 256.8482666015625 reward_std: 164.65191650390625
-----------
=== end Mon Sep 28 10:20:45 KST 2026 / exit 0 ===
