=== node n002.hpc / job 900201 / start Mon Aug 31 16:42:08 KST 2026 ===
name, memory.total [MiB], driver_version
NVIDIA GeForce RTX 3090, 24576 MiB, 595.45.04
[resume] 체크포인트 없음 → 처음부터
[progress] 누적 0 / 목표 150000000 · 이번 세그먼트 150000000
xml: /gpfs/home1/soyeon24/Open_Duck_Playground/playground/open_duck_mini_v2/xmls/scene_standup.xml
actuators: ['left_hip_yaw', 'left_hip_roll', 'left_hip_pitch', 'left_knee', 'left_ankle', 'neck_pitch', 'head_pitch', 'head_yaw', 'head_roll', 'right_hip_yaw', 'right_hip_roll', 'right_hip_pitch', 'right_knee', 'right_ankle']
joints: ['floating_base', 'left_hip_yaw', 'left_hip_roll', 'left_hip_pitch', 'left_knee', 'left_ankle', 'neck_pitch', 'head_pitch', 'head_yaw', 'head_roll', 'right_hip_yaw', 'right_hip_roll', 'right_hip_pitch', 'right_knee', 'right_ankle']
backlash joints: []
actuator joints ids: [1, 2, 3, 4, 5, 6, 7, 8, 9, 10, 11, 12, 13, 14]
actuator joints dict: {'left_hip_yaw': 1, 'left_hip_roll': 2, 'left_hip_pitch': 3, 'left_knee': 4, 'left_ankle': 5, 'neck_pitch': 6, 'head_pitch': 7, 'head_yaw': 8, 'head_roll': 9, 'right_hip_yaw': 10, 'right_hip_roll': 11, 'right_hip_pitch': 12, 'right_knee': 13, 'right_ankle': 14}
floating qpos addr: 0 qvel addr: 0
[Poly ref data] Processing ...
[Poly ref data] Done processing
xml: /gpfs/home1/soyeon24/Open_Duck_Playground/playground/open_duck_mini_v2/xmls/scene_standup.xml
actuators: ['left_hip_yaw', 'left_hip_roll', 'left_hip_pitch', 'left_knee', 'left_ankle', 'neck_pitch', 'head_pitch', 'head_yaw', 'head_roll', 'right_hip_yaw', 'right_hip_roll', 'right_hip_pitch', 'right_knee', 'right_ankle']
joints: ['floating_base', 'left_hip_yaw', 'left_hip_roll', 'left_hip_pitch', 'left_knee', 'left_ankle', 'neck_pitch', 'head_pitch', 'head_yaw', 'head_roll', 'right_hip_yaw', 'right_hip_roll', 'right_hip_pitch', 'right_knee', 'right_ankle']
backlash joints: []
actuator joints ids: [1, 2, 3, 4, 5, 6, 7, 8, 9, 10, 11, 12, 13, 14]
actuator joints dict: {'left_hip_yaw': 1, 'left_hip_roll': 2, 'left_hip_pitch': 3, 'left_knee': 4, 'left_ankle': 5, 'neck_pitch': 6, 'head_pitch': 7, 'head_yaw': 8, 'head_roll': 9, 'right_hip_yaw': 10, 'right_hip_roll': 11, 'right_hip_pitch': 12, 'right_knee': 13, 'right_ankle': 14}
floating qpos addr: 0 qvel addr: 0
[Poly ref data] Processing ...
[Poly ref data] Done processing
Observation size: 101
PPO params: {'action_repeat': 1, 'batch_size': 256, 'clipping_epsilon': 0.2, 'discounting': 0.97, 'entropy_cost': 0.005, 'episode_length': 1000, 'learning_rate': 0.0003, 'max_grad_norm': 1.0, 'normalize_observations': True, 'num_envs': 8192, 'num_evals': 15, 'num_minibatches': 32, 'num_resets_per_eval': 1, 'num_timesteps': 150000000, 'num_updates_per_batch': 4, 'reward_scaling': 1.0, 'unroll_length': 20}
-----------
STEP: 0 reward: 30.968097686767578 reward_std: 8.370645523071289
-----------
Saving checkpoint (step: 0): /gpfs/home1/soyeon24/Open_Duck_Playground/checkpoints_standup_v3/2026_08_31_164620_0
 === EXPORT ONNX === 
(101,) (101,)
(101,) (101,)
(1, 14)
Transferring Dense layer hidden_0, kernel shape (101, 512), bias shape (512,)
Transferring Dense layer hidden_1, kernel shape (512, 256), bias shape (256,)
Transferring Dense layer hidden_2, kernel shape (256, 128), bias shape (128,)
Transferring Dense layer hidden_3, kernel shape (128, 28), bias shape (28,)
Weights transferred successfully.
(101,) (101,)
Tensorflow prediction: [ 0.02309905 -0.01063621  0.13225034  0.09340208 -0.07243866  0.17713644
  0.15884155  0.12745392 -0.00975049 -0.17488673  0.04536586  0.20230038
  0.1690991  -0.21251443]
(101,) (101,)
(101,) (101,)
Saving checkpoint (step: 10813440): /gpfs/home1/soyeon24/Open_Duck_Playground/checkpoints_standup_v3/2026_08_31_165950_10813440
 === EXPORT ONNX === 
(101,) (101,)
(101,) (101,)
(1, 14)
Transferring Dense layer hidden_0, kernel shape (101, 512), bias shape (512,)
Transferring Dense layer hidden_1, kernel shape (512, 256), bias shape (256,)
Transferring Dense layer hidden_2, kernel shape (256, 128), bias shape (128,)
Transferring Dense layer hidden_3, kernel shape (128, 28), bias shape (28,)
Weights transferred successfully.
(101,) (101,)
Tensorflow prediction: [-1.  1.  1.  1. -1.  1.  1. -1.  1.  1. -1.  1.  1. -1.]
(101,) (101,)
(101,) (101,)
-----------
STEP: 10813440 reward: 67.49559020996094 reward_std: 13.461223602294922
-----------
Saving checkpoint (step: 21626880): /gpfs/home1/soyeon24/Open_Duck_Playground/checkpoints_standup_v3/2026_08_31_171153_21626880
 === EXPORT ONNX === 
(101,) (101,)
(101,) (101,)
(1, 14)
Transferring Dense layer hidden_0, kernel shape (101, 512), bias shape (512,)
Transferring Dense layer hidden_1, kernel shape (512, 256), bias shape (256,)
Transferring Dense layer hidden_2, kernel shape (256, 128), bias shape (128,)
Transferring Dense layer hidden_3, kernel shape (128, 28), bias shape (28,)
Weights transferred successfully.
(101,) (101,)
Tensorflow prediction: [-1.  1.  1.  1. -1.  1.  1. -1.  1.  1. -1. -1.  1. -1.]
(101,) (101,)
(101,) (101,)
-----------
STEP: 21626880 reward: 74.03033447265625 reward_std: 17.884761810302734
-----------
Saving checkpoint (step: 32440320): /gpfs/home1/soyeon24/Open_Duck_Playground/checkpoints_standup_v3/2026_08_31_172357_32440320
 === EXPORT ONNX === 
(101,) (101,)
(101,) (101,)
(1, 14)
Transferring Dense layer hidden_0, kernel shape (101, 512), bias shape (512,)
Transferring Dense layer hidden_1, kernel shape (512, 256), bias shape (256,)
Transferring Dense layer hidden_2, kernel shape (256, 128), bias shape (128,)
Transferring Dense layer hidden_3, kernel shape (128, 28), bias shape (28,)
Weights transferred successfully.
(101,) (101,)
Tensorflow prediction: [-1. -1.  1.  1. -1.  1.  1. -1.  1.  1. -1. -1.  1. -1.]
(101,) (101,)
(101,) (101,)
-----------
STEP: 32440320 reward: 76.54391479492188 reward_std: 20.94698143005371
-----------
Saving checkpoint (step: 43253760): /gpfs/home1/soyeon24/Open_Duck_Playground/checkpoints_standup_v3/2026_08_31_173602_43253760
 === EXPORT ONNX === 
(101,) (101,)
(101,) (101,)
(1, 14)
Transferring Dense layer hidden_0, kernel shape (101, 512), bias shape (512,)
Transferring Dense layer hidden_1, kernel shape (512, 256), bias shape (256,)
Transferring Dense layer hidden_2, kernel shape (256, 128), bias shape (128,)
Transferring Dense layer hidden_3, kernel shape (128, 28), bias shape (28,)
Weights transferred successfully.
(101,) (101,)
Tensorflow prediction: [-1. -1.  1.  1. -1.  1.  1. -1.  1.  1. -1.  1.  1. -1.]
(101,) (101,)
(101,) (101,)
-----------
STEP: 43253760 reward: 80.81391906738281 reward_std: 25.00596809387207
-----------
Saving checkpoint (step: 54067200): /gpfs/home1/soyeon24/Open_Duck_Playground/checkpoints_standup_v3/2026_08_31_174805_54067200
 === EXPORT ONNX === 
(101,) (101,)
(101,) (101,)
(1, 14)
Transferring Dense layer hidden_0, kernel shape (101, 512), bias shape (512,)
Transferring Dense layer hidden_1, kernel shape (512, 256), bias shape (256,)
Transferring Dense layer hidden_2, kernel shape (256, 128), bias shape (128,)
Transferring Dense layer hidden_3, kernel shape (128, 28), bias shape (28,)
Weights transferred successfully.
(101,) (101,)
Tensorflow prediction: [ 1. -1.  1.  1. -1.  1.  1. -1.  1.  1. -1.  1.  1. -1.]
(101,) (101,)
(101,) (101,)
-----------
STEP: 54067200 reward: 81.62104797363281 reward_std: 26.07141876220703
-----------
Saving checkpoint (step: 64880640): /gpfs/home1/soyeon24/Open_Duck_Playground/checkpoints_standup_v3/2026_08_31_180007_64880640
 === EXPORT ONNX === 
(101,) (101,)
(101,) (101,)
(1, 14)
Transferring Dense layer hidden_0, kernel shape (101, 512), bias shape (512,)
Transferring Dense layer hidden_1, kernel shape (512, 256), bias shape (256,)
Transferring Dense layer hidden_2, kernel shape (256, 128), bias shape (128,)
Transferring Dense layer hidden_3, kernel shape (128, 28), bias shape (28,)
Weights transferred successfully.
(101,) (101,)
Tensorflow prediction: [ 1. -1.  1.  1. -1.  1.  1. -1.  1.  1. -1.  1.  1. -1.]
(101,) (101,)
(101,) (101,)
-----------
STEP: 64880640 reward: 82.01109313964844 reward_std: 22.687715530395508
-----------
Saving checkpoint (step: 75694080): /gpfs/home1/soyeon24/Open_Duck_Playground/checkpoints_standup_v3/2026_08_31_181211_75694080
 === EXPORT ONNX === 
(101,) (101,)
(101,) (101,)
(1, 14)
Transferring Dense layer hidden_0, kernel shape (101, 512), bias shape (512,)
Transferring Dense layer hidden_1, kernel shape (512, 256), bias shape (256,)
Transferring Dense layer hidden_2, kernel shape (256, 128), bias shape (128,)
Transferring Dense layer hidden_3, kernel shape (128, 28), bias shape (28,)
Weights transferred successfully.
(101,) (101,)
Tensorflow prediction: [ 1.  1.  1.  1. -1.  1. -1. -1.  1.  1.  1.  1.  1. -1.]
(101,) (101,)
(101,) (101,)
-----------
STEP: 75694080 reward: 84.53652954101562 reward_std: 27.747751235961914
-----------
Saving checkpoint (step: 86507520): /gpfs/home1/soyeon24/Open_Duck_Playground/checkpoints_standup_v3/2026_08_31_182416_86507520
 === EXPORT ONNX === 
(101,) (101,)
(101,) (101,)
(1, 14)
Transferring Dense layer hidden_0, kernel shape (101, 512), bias shape (512,)
Transferring Dense layer hidden_1, kernel shape (512, 256), bias shape (256,)
Transferring Dense layer hidden_2, kernel shape (256, 128), bias shape (128,)
Transferring Dense layer hidden_3, kernel shape (128, 28), bias shape (28,)
Weights transferred successfully.
(101,) (101,)
Tensorflow prediction: [ 1.  1.  1.  1.  1.  1.  1. -1.  1.  1.  1.  1.  1. -1.]
(101,) (101,)
(101,) (101,)
-----------
STEP: 86507520 reward: 80.48666381835938 reward_std: 23.39361000061035
-----------
Saving checkpoint (step: 97320960): /gpfs/home1/soyeon24/Open_Duck_Playground/checkpoints_standup_v3/2026_08_31_183619_97320960
 === EXPORT ONNX === 
(101,) (101,)
(101,) (101,)
(1, 14)
Transferring Dense layer hidden_0, kernel shape (101, 512), bias shape (512,)
Transferring Dense layer hidden_1, kernel shape (512, 256), bias shape (256,)
Transferring Dense layer hidden_2, kernel shape (256, 128), bias shape (128,)
Transferring Dense layer hidden_3, kernel shape (128, 28), bias shape (28,)
Weights transferred successfully.
(101,) (101,)
Tensorflow prediction: [ 1.  1. -1. -1. -1. -1. -1. -1.  1. -1.  1.  1. -1. -1.]
(101,) (101,)
(101,) (101,)
-----------
STEP: 97320960 reward: 84.50389099121094 reward_std: 21.78412628173828
-----------
Saving checkpoint (step: 108134400): /gpfs/home1/soyeon24/Open_Duck_Playground/checkpoints_standup_v3/2026_08_31_184822_108134400
 === EXPORT ONNX === 
(101,) (101,)
(101,) (101,)
(1, 14)
Transferring Dense layer hidden_0, kernel shape (101, 512), bias shape (512,)
Transferring Dense layer hidden_1, kernel shape (512, 256), bias shape (256,)
Transferring Dense layer hidden_2, kernel shape (256, 128), bias shape (128,)
Transferring Dense layer hidden_3, kernel shape (128, 28), bias shape (28,)
Weights transferred successfully.
(101,) (101,)
Tensorflow prediction: [ 1.  1. -1. -1. -1. -1. -1. -1.  1.  1.  1.  1. -1. -1.]
(101,) (101,)
(101,) (101,)
-----------
STEP: 108134400 reward: 78.52721405029297 reward_std: 20.20184898376465
-----------
Saving checkpoint (step: 118947840): /gpfs/home1/soyeon24/Open_Duck_Playground/checkpoints_standup_v3/2026_08_31_190026_118947840
 === EXPORT ONNX === 
(101,) (101,)
(101,) (101,)
(1, 14)
Transferring Dense layer hidden_0, kernel shape (101, 512), bias shape (512,)
Transferring Dense layer hidden_1, kernel shape (512, 256), bias shape (256,)
Transferring Dense layer hidden_2, kernel shape (256, 128), bias shape (128,)
Transferring Dense layer hidden_3, kernel shape (128, 28), bias shape (28,)
Weights transferred successfully.
(101,) (101,)
Tensorflow prediction: [ 1. -1. -1. -1. -1. -1. -1. -1.  1.  1.  1.  1. -1. -1.]
(101,) (101,)
(101,) (101,)
-----------
STEP: 118947840 reward: 87.28069305419922 reward_std: 26.051000595092773
-----------
Saving checkpoint (step: 129761280): /gpfs/home1/soyeon24/Open_Duck_Playground/checkpoints_standup_v3/2026_08_31_191230_129761280
 === EXPORT ONNX === 
(101,) (101,)
(101,) (101,)
(1, 14)
Transferring Dense layer hidden_0, kernel shape (101, 512), bias shape (512,)
Transferring Dense layer hidden_1, kernel shape (512, 256), bias shape (256,)
Transferring Dense layer hidden_2, kernel shape (256, 128), bias shape (128,)
Transferring Dense layer hidden_3, kernel shape (128, 28), bias shape (28,)
Weights transferred successfully.
(101,) (101,)
Tensorflow prediction: [ 1.  1. -1. -1. -1. -1.  1. -1.  1.  1. -1.  1. -1.  1.]
(101,) (101,)
(101,) (101,)
-----------
STEP: 129761280 reward: 82.79292297363281 reward_std: 24.58574676513672
-----------
Saving checkpoint (step: 140574720): /gpfs/home1/soyeon24/Open_Duck_Playground/checkpoints_standup_v3/2026_08_31_192434_140574720
 === EXPORT ONNX === 
(101,) (101,)
(101,) (101,)
(1, 14)
Transferring Dense layer hidden_0, kernel shape (101, 512), bias shape (512,)
Transferring Dense layer hidden_1, kernel shape (512, 256), bias shape (256,)
Transferring Dense layer hidden_2, kernel shape (256, 128), bias shape (128,)
Transferring Dense layer hidden_3, kernel shape (128, 28), bias shape (28,)
Weights transferred successfully.
(101,) (101,)
Tensorflow prediction: [ 1. -1. -1. -1. -1. -1. -1. -1.  1.  1. -1. -1.  1. -1.]
(101,) (101,)
(101,) (101,)
-----------
STEP: 140574720 reward: 82.9521484375 reward_std: 23.731098175048828
-----------
Saving checkpoint (step: 151388160): /gpfs/home1/soyeon24/Open_Duck_Playground/checkpoints_standup_v3/2026_08_31_193640_151388160
 === EXPORT ONNX === 
(101,) (101,)
(101,) (101,)
(1, 14)
Transferring Dense layer hidden_0, kernel shape (101, 512), bias shape (512,)
Transferring Dense layer hidden_1, kernel shape (512, 256), bias shape (256,)
Transferring Dense layer hidden_2, kernel shape (256, 128), bias shape (128,)
Transferring Dense layer hidden_3, kernel shape (128, 28), bias shape (28,)
Weights transferred successfully.
(101,) (101,)
Tensorflow prediction: [ 1.  1. -1. -1. -1. -1.  1. -1.  1.  1.  1.  1. -1.  1.]
(101,) (101,)
(101,) (101,)
-----------
STEP: 151388160 reward: 82.99934387207031 reward_std: 24.48927879333496
-----------
=== end Mon Aug 31 19:36:56 KST 2026 / exit 0 ===
[progress] 누적 갱신: 150000000
