=== node n086.hpc / job 948600 / part gpu4 / start Tue Sep  8 17:57:57 KST 2026 ===
name, memory.total [MiB], driver_version
NVIDIA RTX A6000, 49140 MiB, 595.45.04
[warm] 웜스타트 대상 없음 → 처음부터
xml: /gpfs/home1/soyeon24/Open_Duck_Playground/playground/open_duck_mini_v2/xmls/scene_flat_terrain_backlash.xml
actuators: ['left_hip_yaw', 'left_hip_roll', 'left_hip_pitch', 'left_knee', 'left_ankle', 'neck_pitch', 'head_pitch', 'head_yaw', 'head_roll', 'right_hip_yaw', 'right_hip_roll', 'right_hip_pitch', 'right_knee', 'right_ankle']
joints: ['floating_base', 'left_hip_yaw', 'left_hip_yaw_backlash', 'left_hip_roll', 'left_hip_roll_backlash', 'left_hip_pitch', 'left_hip_pitch_backlash', 'left_knee', 'left_knee_backlash', 'left_ankle', 'left_ankle_backlash', 'neck_pitch', 'head_pitch', 'head_yaw', 'head_roll', 'right_hip_yaw', 'right_hip_yaw_backlash', 'right_hip_roll', 'right_hip_roll_backlash', 'right_hip_pitch', 'right_hip_pitch_backlash', 'right_knee', 'right_knee_backlash', 'right_ankle', 'right_ankle_backlash']
backlash joints: ['left_hip_yaw_backlash', 'left_hip_roll_backlash', 'left_hip_pitch_backlash', 'left_knee_backlash', 'left_ankle_backlash', 'right_hip_yaw_backlash', 'right_hip_roll_backlash', 'right_hip_pitch_backlash', 'right_knee_backlash', 'right_ankle_backlash']
actuator joints ids: [1, 3, 5, 7, 9, 11, 12, 13, 14, 15, 17, 19, 21, 23]
actuator joints dict: {'left_hip_yaw': 1, 'left_hip_roll': 3, 'left_hip_pitch': 5, 'left_knee': 7, 'left_ankle': 9, 'neck_pitch': 11, 'head_pitch': 12, 'head_yaw': 13, 'head_roll': 14, 'right_hip_yaw': 15, 'right_hip_roll': 17, 'right_hip_pitch': 19, 'right_knee': 21, 'right_ankle': 23}
floating qpos addr: 0 qvel addr: 0
[Poly ref data] Processing ...
[Poly ref data] Done processing
xml: /gpfs/home1/soyeon24/Open_Duck_Playground/playground/open_duck_mini_v2/xmls/scene_flat_terrain_backlash.xml
actuators: ['left_hip_yaw', 'left_hip_roll', 'left_hip_pitch', 'left_knee', 'left_ankle', 'neck_pitch', 'head_pitch', 'head_yaw', 'head_roll', 'right_hip_yaw', 'right_hip_roll', 'right_hip_pitch', 'right_knee', 'right_ankle']
joints: ['floating_base', 'left_hip_yaw', 'left_hip_yaw_backlash', 'left_hip_roll', 'left_hip_roll_backlash', 'left_hip_pitch', 'left_hip_pitch_backlash', 'left_knee', 'left_knee_backlash', 'left_ankle', 'left_ankle_backlash', 'neck_pitch', 'head_pitch', 'head_yaw', 'head_roll', 'right_hip_yaw', 'right_hip_yaw_backlash', 'right_hip_roll', 'right_hip_roll_backlash', 'right_hip_pitch', 'right_hip_pitch_backlash', 'right_knee', 'right_knee_backlash', 'right_ankle', 'right_ankle_backlash']
backlash joints: ['left_hip_yaw_backlash', 'left_hip_roll_backlash', 'left_hip_pitch_backlash', 'left_knee_backlash', 'left_ankle_backlash', 'right_hip_yaw_backlash', 'right_hip_roll_backlash', 'right_hip_pitch_backlash', 'right_knee_backlash', 'right_ankle_backlash']
actuator joints ids: [1, 3, 5, 7, 9, 11, 12, 13, 14, 15, 17, 19, 21, 23]
actuator joints dict: {'left_hip_yaw': 1, 'left_hip_roll': 3, 'left_hip_pitch': 5, 'left_knee': 7, 'left_ankle': 9, 'neck_pitch': 11, 'head_pitch': 12, 'head_yaw': 13, 'head_roll': 14, 'right_hip_yaw': 15, 'right_hip_roll': 17, 'right_hip_pitch': 19, 'right_knee': 21, 'right_ankle': 23}
floating qpos addr: 0 qvel addr: 0
[Poly ref data] Processing ...
[Poly ref data] Done processing
Observation size: 101
PPO params: {'action_repeat': 1, 'batch_size': 256, 'clipping_epsilon': 0.2, 'discounting': 0.97, 'entropy_cost': 0.005, 'episode_length': 1000, 'learning_rate': 0.0003, 'max_grad_norm': 1.0, 'normalize_observations': True, 'num_envs': 8192, 'num_evals': 15, 'num_minibatches': 32, 'num_resets_per_eval': 1, 'num_timesteps': 300000000, 'num_updates_per_batch': 4, 'reward_scaling': 1.0, 'unroll_length': 20}
-----------
STEP: 0 reward: 0.6816796064376831 reward_std: 1.1921477317810059
-----------
Saving checkpoint (step: 0): /gpfs/home1/soyeon24/Open_Duck_Playground/checkpoints_alive10/2026_09_08_175958_0
 === EXPORT ONNX === 
(101,) (101,)
(101,) (101,)
(1, 14)
Transferring Dense layer hidden_0, kernel shape (101, 512), bias shape (512,)
Transferring Dense layer hidden_1, kernel shape (512, 256), bias shape (256,)
Transferring Dense layer hidden_2, kernel shape (256, 128), bias shape (128,)
Transferring Dense layer hidden_3, kernel shape (128, 28), bias shape (28,)
Weights transferred successfully.
(101,) (101,)
Tensorflow prediction: [ 0.02309905 -0.01063621  0.13225034  0.09340208 -0.07243866  0.17713644
  0.15884155  0.12745392 -0.00975049 -0.17488673  0.04536586  0.20230038
  0.1690991  -0.21251443]
(101,) (101,)
(101,) (101,)
Saving checkpoint (step: 21463040): /gpfs/home1/soyeon24/Open_Duck_Playground/checkpoints_alive10/2026_09_08_180647_21463040
 === EXPORT ONNX === 
(101,) (101,)
(101,) (101,)
(1, 14)
Transferring Dense layer hidden_0, kernel shape (101, 512), bias shape (512,)
Transferring Dense layer hidden_1, kernel shape (512, 256), bias shape (256,)
Transferring Dense layer hidden_2, kernel shape (256, 128), bias shape (128,)
Transferring Dense layer hidden_3, kernel shape (128, 28), bias shape (28,)
Weights transferred successfully.
(101,) (101,)
Tensorflow prediction: [ 0.1517784   0.43081963 -0.10912772  0.5860465  -0.9580352  -0.74874586
  0.3527583   0.46221    -0.13666484  0.00756483  0.23766825 -0.01050362
  0.19787277 -0.8005934 ]
(101,) (101,)
(101,) (101,)
-----------
STEP: 21463040 reward: 63.30717468261719 reward_std: 62.145381927490234
-----------
Saving checkpoint (step: 42926080): /gpfs/home1/soyeon24/Open_Duck_Playground/checkpoints_alive10/2026_09_08_181221_42926080
 === EXPORT ONNX === 
(101,) (101,)
(101,) (101,)
(1, 14)
Transferring Dense layer hidden_0, kernel shape (101, 512), bias shape (512,)
Transferring Dense layer hidden_1, kernel shape (512, 256), bias shape (256,)
Transferring Dense layer hidden_2, kernel shape (256, 128), bias shape (128,)
Transferring Dense layer hidden_3, kernel shape (128, 28), bias shape (28,)
Weights transferred successfully.
(101,) (101,)
Tensorflow prediction: [ 0.30249152 -0.28487864 -0.13351412 -0.546899   -0.14987442 -0.7075273
  0.7495113   0.42858884 -0.79904354 -0.11217629 -0.2312176   0.35470492
  0.438471   -0.74750155]
(101,) (101,)
(101,) (101,)
-----------
STEP: 42926080 reward: 72.4329833984375 reward_std: 69.68663024902344
-----------
Saving checkpoint (step: 64389120): /gpfs/home1/soyeon24/Open_Duck_Playground/checkpoints_alive10/2026_09_08_181754_64389120
 === EXPORT ONNX === 
(101,) (101,)
(101,) (101,)
(1, 14)
Transferring Dense layer hidden_0, kernel shape (101, 512), bias shape (512,)
Transferring Dense layer hidden_1, kernel shape (512, 256), bias shape (256,)
Transferring Dense layer hidden_2, kernel shape (256, 128), bias shape (128,)
Transferring Dense layer hidden_3, kernel shape (128, 28), bias shape (28,)
Weights transferred successfully.
(101,) (101,)
Tensorflow prediction: [-0.11036959  0.10401867  0.6663712   0.2685452  -0.28630197 -0.7892914
  0.713695   -0.3121664   0.41612417  0.01724645  0.3865056  -0.31212005
  0.40468752 -0.3824414 ]
(101,) (101,)
(101,) (101,)
-----------
STEP: 64389120 reward: 72.46595764160156 reward_std: 64.89874267578125
-----------
Saving checkpoint (step: 85852160): /gpfs/home1/soyeon24/Open_Duck_Playground/checkpoints_alive10/2026_09_08_182328_85852160
 === EXPORT ONNX === 
(101,) (101,)
(101,) (101,)
(1, 14)
Transferring Dense layer hidden_0, kernel shape (101, 512), bias shape (512,)
Transferring Dense layer hidden_1, kernel shape (512, 256), bias shape (256,)
Transferring Dense layer hidden_2, kernel shape (256, 128), bias shape (128,)
Transferring Dense layer hidden_3, kernel shape (128, 28), bias shape (28,)
Weights transferred successfully.
(101,) (101,)
Tensorflow prediction: [ 0.02723699 -0.18293752  0.8363457  -0.2098543  -0.55284345 -0.92170084
  0.7503008  -0.28172368  0.47561026 -0.14055018  0.3689092  -0.69231206
 -0.00531193 -0.66074336]
(101,) (101,)
(101,) (101,)
-----------
STEP: 85852160 reward: 88.0632553100586 reward_std: 77.79743194580078
-----------
Saving checkpoint (step: 107315200): /gpfs/home1/soyeon24/Open_Duck_Playground/checkpoints_alive10/2026_09_08_182900_107315200
 === EXPORT ONNX === 
(101,) (101,)
(101,) (101,)
(1, 14)
Transferring Dense layer hidden_0, kernel shape (101, 512), bias shape (512,)
Transferring Dense layer hidden_1, kernel shape (512, 256), bias shape (256,)
Transferring Dense layer hidden_2, kernel shape (256, 128), bias shape (128,)
Transferring Dense layer hidden_3, kernel shape (128, 28), bias shape (28,)
Weights transferred successfully.
(101,) (101,)
Tensorflow prediction: [ 0.07952595 -0.42308673  0.63283706  0.10239622 -0.24155304 -0.8427395
  0.77702785 -0.39472392  0.59230626 -0.10394183  0.2692201  -0.63458467
 -0.08321607 -0.51541805]
(101,) (101,)
(101,) (101,)
-----------
STEP: 107315200 reward: 82.39728546142578 reward_std: 77.85882568359375
-----------
Saving checkpoint (step: 128778240): /gpfs/home1/soyeon24/Open_Duck_Playground/checkpoints_alive10/2026_09_08_183433_128778240
 === EXPORT ONNX === 
(101,) (101,)
(101,) (101,)
(1, 14)
Transferring Dense layer hidden_0, kernel shape (101, 512), bias shape (512,)
Transferring Dense layer hidden_1, kernel shape (512, 256), bias shape (256,)
Transferring Dense layer hidden_2, kernel shape (256, 128), bias shape (128,)
Transferring Dense layer hidden_3, kernel shape (128, 28), bias shape (28,)
Weights transferred successfully.
(101,) (101,)
Tensorflow prediction: [ 0.57524955 -0.58645356  0.75417686 -0.2216294   0.11130542 -0.71164393
  0.667474    0.60970944  0.9462031  -0.30661327  0.17627947 -0.5243797
 -0.2496739  -0.7594489 ]
(101,) (101,)
(101,) (101,)
-----------
STEP: 128778240 reward: 79.40042114257812 reward_std: 80.81382751464844
-----------
Saving checkpoint (step: 150241280): /gpfs/home1/soyeon24/Open_Duck_Playground/checkpoints_alive10/2026_09_08_184005_150241280
 === EXPORT ONNX === 
(101,) (101,)
(101,) (101,)
(1, 14)
Transferring Dense layer hidden_0, kernel shape (101, 512), bias shape (512,)
Transferring Dense layer hidden_1, kernel shape (512, 256), bias shape (256,)
Transferring Dense layer hidden_2, kernel shape (256, 128), bias shape (128,)
Transferring Dense layer hidden_3, kernel shape (128, 28), bias shape (28,)
Weights transferred successfully.
(101,) (101,)
Tensorflow prediction: [ 0.70221084 -0.64085835  0.7205349  -0.30434558  0.36070526  0.0556503
  0.8832621   0.12922767  0.985603   -0.48928007  0.6703798  -0.1583312
 -0.28559068 -0.6234595 ]
(101,) (101,)
(101,) (101,)
-----------
STEP: 150241280 reward: 89.99136352539062 reward_std: 78.5229263305664
-----------
Saving checkpoint (step: 171704320): /gpfs/home1/soyeon24/Open_Duck_Playground/checkpoints_alive10/2026_09_08_184538_171704320
 === EXPORT ONNX === 
(101,) (101,)
(101,) (101,)
(1, 14)
Transferring Dense layer hidden_0, kernel shape (101, 512), bias shape (512,)
Transferring Dense layer hidden_1, kernel shape (512, 256), bias shape (256,)
Transferring Dense layer hidden_2, kernel shape (256, 128), bias shape (128,)
Transferring Dense layer hidden_3, kernel shape (128, 28), bias shape (28,)
Weights transferred successfully.
(101,) (101,)
Tensorflow prediction: [ 0.24061127 -0.76295984 -0.00834272  0.45583043  0.6280274   0.24218339
  0.9903462  -0.6732695   0.8605586   0.00613281  0.79654914  0.8249307
 -0.13904655 -0.07968992]
(101,) (101,)
(101,) (101,)
-----------
STEP: 171704320 reward: 91.0302963256836 reward_std: 74.9293441772461
-----------
Saving checkpoint (step: 193167360): /gpfs/home1/soyeon24/Open_Duck_Playground/checkpoints_alive10/2026_09_08_185112_193167360
 === EXPORT ONNX === 
(101,) (101,)
(101,) (101,)
(1, 14)
Transferring Dense layer hidden_0, kernel shape (101, 512), bias shape (512,)
Transferring Dense layer hidden_1, kernel shape (512, 256), bias shape (256,)
Transferring Dense layer hidden_2, kernel shape (256, 128), bias shape (128,)
Transferring Dense layer hidden_3, kernel shape (128, 28), bias shape (28,)
Weights transferred successfully.
(101,) (101,)
Tensorflow prediction: [-0.28144246 -0.6437518   0.32408056  0.3984642   0.507918   -0.7005252
  0.92128277 -0.7053607   0.7120427  -0.25363412  0.65769506  0.09084963
  0.00682556 -0.13594389]
(101,) (101,)
(101,) (101,)
-----------
STEP: 193167360 reward: 89.45712280273438 reward_std: 83.70820617675781
-----------
Saving checkpoint (step: 214630400): /gpfs/home1/soyeon24/Open_Duck_Playground/checkpoints_alive10/2026_09_08_185646_214630400
 === EXPORT ONNX === 
(101,) (101,)
(101,) (101,)
(1, 14)
Transferring Dense layer hidden_0, kernel shape (101, 512), bias shape (512,)
Transferring Dense layer hidden_1, kernel shape (512, 256), bias shape (256,)
Transferring Dense layer hidden_2, kernel shape (256, 128), bias shape (128,)
Transferring Dense layer hidden_3, kernel shape (128, 28), bias shape (28,)
Weights transferred successfully.
(101,) (101,)
Tensorflow prediction: [ 0.36493894 -0.7373957   0.03629816  0.55507547 -0.35842153 -0.09340283
 -0.7191662  -0.71758336 -0.46694535 -0.5091173   0.455384    0.52167684
  0.44093373  0.7215663 ]
(101,) (101,)
(101,) (101,)
-----------
STEP: 214630400 reward: 68.4118423461914 reward_std: 70.26624298095703
-----------
Saving checkpoint (step: 236093440): /gpfs/home1/soyeon24/Open_Duck_Playground/checkpoints_alive10/2026_09_08_190221_236093440
 === EXPORT ONNX === 
(101,) (101,)
(101,) (101,)
(1, 14)
Transferring Dense layer hidden_0, kernel shape (101, 512), bias shape (512,)
Transferring Dense layer hidden_1, kernel shape (512, 256), bias shape (256,)
Transferring Dense layer hidden_2, kernel shape (256, 128), bias shape (128,)
Transferring Dense layer hidden_3, kernel shape (128, 28), bias shape (28,)
Weights transferred successfully.
(101,) (101,)
Tensorflow prediction: [ 0.07439371 -0.5197094  -0.08336879  0.3781213   0.49525407 -0.76139647
 -0.7868345  -0.9384165  -0.7341347  -0.33096254  0.18278505  0.69811654
  0.7660549   0.60853356]
(101,) (101,)
(101,) (101,)
-----------
STEP: 236093440 reward: 72.08467102050781 reward_std: 67.35183715820312
-----------
Saving checkpoint (step: 257556480): /gpfs/home1/soyeon24/Open_Duck_Playground/checkpoints_alive10/2026_09_08_190756_257556480
 === EXPORT ONNX === 
(101,) (101,)
(101,) (101,)
(1, 14)
Transferring Dense layer hidden_0, kernel shape (101, 512), bias shape (512,)
Transferring Dense layer hidden_1, kernel shape (512, 256), bias shape (256,)
Transferring Dense layer hidden_2, kernel shape (256, 128), bias shape (128,)
Transferring Dense layer hidden_3, kernel shape (128, 28), bias shape (28,)
Weights transferred successfully.
(101,) (101,)
Tensorflow prediction: [ 0.74623275  0.18298346 -0.5021792   0.7791428   0.659092    0.64755696
 -0.6768112  -0.9699542  -0.5393588  -0.20186053  0.5607052   0.89523596
  0.8635279   0.36027187]
(101,) (101,)
(101,) (101,)
-----------
STEP: 257556480 reward: 84.67408752441406 reward_std: 73.28965759277344
-----------
Saving checkpoint (step: 279019520): /gpfs/home1/soyeon24/Open_Duck_Playground/checkpoints_alive10/2026_09_08_191331_279019520
 === EXPORT ONNX === 
(101,) (101,)
(101,) (101,)
(1, 14)
Transferring Dense layer hidden_0, kernel shape (101, 512), bias shape (512,)
Transferring Dense layer hidden_1, kernel shape (512, 256), bias shape (256,)
Transferring Dense layer hidden_2, kernel shape (256, 128), bias shape (128,)
Transferring Dense layer hidden_3, kernel shape (128, 28), bias shape (28,)
Weights transferred successfully.
(101,) (101,)
Tensorflow prediction: [ 0.33852464 -0.10485649 -0.03988247  0.79491496  0.8063355   0.3274095
 -0.92165637 -0.9437834   0.4374203   0.14275691  0.70728034  0.76357776
  0.7533573   0.24903433]
(101,) (101,)
(101,) (101,)
-----------
STEP: 279019520 reward: 90.86053466796875 reward_std: 80.76438903808594
-----------
Saving checkpoint (step: 300482560): /gpfs/home1/soyeon24/Open_Duck_Playground/checkpoints_alive10/2026_09_08_191904_300482560
 === EXPORT ONNX === 
(101,) (101,)
(101,) (101,)
(1, 14)
Transferring Dense layer hidden_0, kernel shape (101, 512), bias shape (512,)
Transferring Dense layer hidden_1, kernel shape (512, 256), bias shape (256,)
Transferring Dense layer hidden_2, kernel shape (256, 128), bias shape (128,)
Transferring Dense layer hidden_3, kernel shape (128, 28), bias shape (28,)
Weights transferred successfully.
(101,) (101,)
Tensorflow prediction: [ 0.4447413  -0.19637346 -0.4646021  -0.00542812  0.6398705  -0.07947906
 -0.6993887  -0.6662148  -0.19642074  0.24213305  0.146209    0.46588558
  0.8020841  -0.35741577]
(101,) (101,)
(101,) (101,)
-----------
STEP: 300482560 reward: 76.41422271728516 reward_std: 74.97373962402344
-----------
=== end Tue Sep  8 19:19:14 KST 2026 / exit 0 ===
