=== node n085.hpc / job 910954 / part gpu4 / start Fri Sep  4 12:51:42 KST 2026 ===
name, memory.total [MiB], driver_version
NVIDIA RTX A6000, 49140 MiB, 595.45.04
[warm] 웜스타트 대상 없음 → 처음부터
xml: /gpfs/home1/soyeon24/Open_Duck_Playground/playground/open_duck_mini_v2/xmls/scene_rough_terrain_backlash.xml
actuators: ['left_hip_yaw', 'left_hip_roll', 'left_hip_pitch', 'left_knee', 'left_ankle', 'neck_pitch', 'head_pitch', 'head_yaw', 'head_roll', 'right_hip_yaw', 'right_hip_roll', 'right_hip_pitch', 'right_knee', 'right_ankle']
joints: ['floating_base', 'left_hip_yaw', 'left_hip_yaw_backlash', 'left_hip_roll', 'left_hip_roll_backlash', 'left_hip_pitch', 'left_hip_pitch_backlash', 'left_knee', 'left_knee_backlash', 'left_ankle', 'left_ankle_backlash', 'neck_pitch', 'head_pitch', 'head_yaw', 'head_roll', 'right_hip_yaw', 'right_hip_yaw_backlash', 'right_hip_roll', 'right_hip_roll_backlash', 'right_hip_pitch', 'right_hip_pitch_backlash', 'right_knee', 'right_knee_backlash', 'right_ankle', 'right_ankle_backlash']
backlash joints: ['left_hip_yaw_backlash', 'left_hip_roll_backlash', 'left_hip_pitch_backlash', 'left_knee_backlash', 'left_ankle_backlash', 'right_hip_yaw_backlash', 'right_hip_roll_backlash', 'right_hip_pitch_backlash', 'right_knee_backlash', 'right_ankle_backlash']
actuator joints ids: [1, 3, 5, 7, 9, 11, 12, 13, 14, 15, 17, 19, 21, 23]
actuator joints dict: {'left_hip_yaw': 1, 'left_hip_roll': 3, 'left_hip_pitch': 5, 'left_knee': 7, 'left_ankle': 9, 'neck_pitch': 11, 'head_pitch': 12, 'head_yaw': 13, 'head_roll': 14, 'right_hip_yaw': 15, 'right_hip_roll': 17, 'right_hip_pitch': 19, 'right_knee': 21, 'right_ankle': 23}
floating qpos addr: 0 qvel addr: 0
[Poly ref data] Processing ...
[Poly ref data] Done processing
xml: /gpfs/home1/soyeon24/Open_Duck_Playground/playground/open_duck_mini_v2/xmls/scene_rough_terrain_backlash.xml
actuators: ['left_hip_yaw', 'left_hip_roll', 'left_hip_pitch', 'left_knee', 'left_ankle', 'neck_pitch', 'head_pitch', 'head_yaw', 'head_roll', 'right_hip_yaw', 'right_hip_roll', 'right_hip_pitch', 'right_knee', 'right_ankle']
joints: ['floating_base', 'left_hip_yaw', 'left_hip_yaw_backlash', 'left_hip_roll', 'left_hip_roll_backlash', 'left_hip_pitch', 'left_hip_pitch_backlash', 'left_knee', 'left_knee_backlash', 'left_ankle', 'left_ankle_backlash', 'neck_pitch', 'head_pitch', 'head_yaw', 'head_roll', 'right_hip_yaw', 'right_hip_yaw_backlash', 'right_hip_roll', 'right_hip_roll_backlash', 'right_hip_pitch', 'right_hip_pitch_backlash', 'right_knee', 'right_knee_backlash', 'right_ankle', 'right_ankle_backlash']
backlash joints: ['left_hip_yaw_backlash', 'left_hip_roll_backlash', 'left_hip_pitch_backlash', 'left_knee_backlash', 'left_ankle_backlash', 'right_hip_yaw_backlash', 'right_hip_roll_backlash', 'right_hip_pitch_backlash', 'right_knee_backlash', 'right_ankle_backlash']
actuator joints ids: [1, 3, 5, 7, 9, 11, 12, 13, 14, 15, 17, 19, 21, 23]
actuator joints dict: {'left_hip_yaw': 1, 'left_hip_roll': 3, 'left_hip_pitch': 5, 'left_knee': 7, 'left_ankle': 9, 'neck_pitch': 11, 'head_pitch': 12, 'head_yaw': 13, 'head_roll': 14, 'right_hip_yaw': 15, 'right_hip_roll': 17, 'right_hip_pitch': 19, 'right_knee': 21, 'right_ankle': 23}
floating qpos addr: 0 qvel addr: 0
[Poly ref data] Processing ...
[Poly ref data] Done processing
Observation size: 101
PPO params: {'action_repeat': 1, 'batch_size': 256, 'clipping_epsilon': 0.2, 'discounting': 0.97, 'entropy_cost': 0.005, 'episode_length': 1000, 'learning_rate': 0.0003, 'max_grad_norm': 1.0, 'normalize_observations': True, 'num_envs': 8192, 'num_evals': 15, 'num_minibatches': 32, 'num_resets_per_eval': 1, 'num_timesteps': 300000000, 'num_updates_per_batch': 4, 'reward_scaling': 1.0, 'unroll_length': 20}
-----------
STEP: 0 reward: 10.521951675415039 reward_std: 6.76050329208374
-----------
Saving checkpoint (step: 0): /gpfs/home1/soyeon24/Open_Duck_Playground/checkpoints_rough/2026_09_04_125516_0
 === EXPORT ONNX === 
(101,) (101,)
(101,) (101,)
(1, 14)
Transferring Dense layer hidden_0, kernel shape (101, 512), bias shape (512,)
Transferring Dense layer hidden_1, kernel shape (512, 256), bias shape (256,)
Transferring Dense layer hidden_2, kernel shape (256, 128), bias shape (128,)
Transferring Dense layer hidden_3, kernel shape (128, 28), bias shape (28,)
Weights transferred successfully.
(101,) (101,)
Tensorflow prediction: [ 0.02309905 -0.01063621  0.13225034  0.09340208 -0.07243866  0.17713644
  0.15884155  0.12745392 -0.00975049 -0.17488673  0.04536586  0.20230038
  0.1690991  -0.21251443]
(101,) (101,)
(101,) (101,)
Saving checkpoint (step: 21463040): /gpfs/home1/soyeon24/Open_Duck_Playground/checkpoints_rough/2026_09_04_132218_21463040
 === EXPORT ONNX === 
(101,) (101,)
(101,) (101,)
(1, 14)
Transferring Dense layer hidden_0, kernel shape (101, 512), bias shape (512,)
Transferring Dense layer hidden_1, kernel shape (512, 256), bias shape (256,)
Transferring Dense layer hidden_2, kernel shape (256, 128), bias shape (128,)
Transferring Dense layer hidden_3, kernel shape (128, 28), bias shape (28,)
Weights transferred successfully.
(101,) (101,)
Tensorflow prediction: [-0.8129268   0.9621971  -0.99647534 -0.56315714 -0.9626141   0.01350833
  0.41992733  0.84947354  0.8975083   0.9911879  -0.32981503  0.9230579
  0.9831773  -0.9712155 ]
(101,) (101,)
(101,) (101,)
-----------
STEP: 21463040 reward: 146.48867797851562 reward_std: 136.53216552734375
-----------
Saving checkpoint (step: 42926080): /gpfs/home1/soyeon24/Open_Duck_Playground/checkpoints_rough/2026_09_04_134803_42926080
 === EXPORT ONNX === 
(101,) (101,)
(101,) (101,)
(1, 14)
Transferring Dense layer hidden_0, kernel shape (101, 512), bias shape (512,)
Transferring Dense layer hidden_1, kernel shape (512, 256), bias shape (256,)
Transferring Dense layer hidden_2, kernel shape (256, 128), bias shape (128,)
Transferring Dense layer hidden_3, kernel shape (128, 28), bias shape (28,)
Weights transferred successfully.
(101,) (101,)
Tensorflow prediction: [ 0.23022225  0.3067424   0.03839368  0.17772081 -0.2571434   0.23784605
 -0.04599086  0.8479673   0.00617205  0.7384758   0.23455103 -0.44520184
  0.02111586  0.4657138 ]
(101,) (101,)
(101,) (101,)
-----------
STEP: 42926080 reward: 179.87176513671875 reward_std: 148.4746551513672
-----------
Saving checkpoint (step: 64389120): /gpfs/home1/soyeon24/Open_Duck_Playground/checkpoints_rough/2026_09_04_141352_64389120
 === EXPORT ONNX === 
(101,) (101,)
(101,) (101,)
(1, 14)
Transferring Dense layer hidden_0, kernel shape (101, 512), bias shape (512,)
Transferring Dense layer hidden_1, kernel shape (512, 256), bias shape (256,)
Transferring Dense layer hidden_2, kernel shape (256, 128), bias shape (128,)
Transferring Dense layer hidden_3, kernel shape (128, 28), bias shape (28,)
Weights transferred successfully.
(101,) (101,)
Tensorflow prediction: [ 0.9303669  -0.15086184 -0.34133595  0.8478365  -0.15097153  0.26545534
  0.23341978  0.9239576   0.6641843  -0.29041108  0.8208788  -0.85991484
  0.8290551   0.45028514]
(101,) (101,)
(101,) (101,)
-----------
STEP: 64389120 reward: 182.1956787109375 reward_std: 149.0386199951172
-----------
Saving checkpoint (step: 85852160): /gpfs/home1/soyeon24/Open_Duck_Playground/checkpoints_rough/2026_09_04_143937_85852160
 === EXPORT ONNX === 
(101,) (101,)
(101,) (101,)
(1, 14)
Transferring Dense layer hidden_0, kernel shape (101, 512), bias shape (512,)
Transferring Dense layer hidden_1, kernel shape (512, 256), bias shape (256,)
Transferring Dense layer hidden_2, kernel shape (256, 128), bias shape (128,)
Transferring Dense layer hidden_3, kernel shape (128, 28), bias shape (28,)
Weights transferred successfully.
(101,) (101,)
Tensorflow prediction: [ 0.00506874 -0.4285908  -0.89319456  0.01194663 -0.11079607  0.40907255
  0.5521913   0.47688636  0.40567902  0.4901131   0.67525625 -0.41553771
  0.6505352  -0.11018629]
(101,) (101,)
(101,) (101,)
-----------
STEP: 85852160 reward: 197.29592895507812 reward_std: 149.61123657226562
-----------
Saving checkpoint (step: 107315200): /gpfs/home1/soyeon24/Open_Duck_Playground/checkpoints_rough/2026_09_04_150518_107315200
 === EXPORT ONNX === 
(101,) (101,)
(101,) (101,)
(1, 14)
Transferring Dense layer hidden_0, kernel shape (101, 512), bias shape (512,)
Transferring Dense layer hidden_1, kernel shape (512, 256), bias shape (256,)
Transferring Dense layer hidden_2, kernel shape (256, 128), bias shape (128,)
Transferring Dense layer hidden_3, kernel shape (128, 28), bias shape (28,)
Weights transferred successfully.
(101,) (101,)
Tensorflow prediction: [ 0.21300562 -0.40767583  0.1507044  -0.10473847 -0.2681169   0.23478314
  0.5006457   0.33639282  0.18789262  0.142694   -0.08995818  0.8878272
  0.1997462   0.9206892 ]
(101,) (101,)
(101,) (101,)
-----------
STEP: 107315200 reward: 193.88290405273438 reward_std: 159.56919860839844
-----------
Saving checkpoint (step: 128778240): /gpfs/home1/soyeon24/Open_Duck_Playground/checkpoints_rough/2026_09_04_153058_128778240
 === EXPORT ONNX === 
(101,) (101,)
(101,) (101,)
(1, 14)
Transferring Dense layer hidden_0, kernel shape (101, 512), bias shape (512,)
Transferring Dense layer hidden_1, kernel shape (512, 256), bias shape (256,)
Transferring Dense layer hidden_2, kernel shape (256, 128), bias shape (128,)
Transferring Dense layer hidden_3, kernel shape (128, 28), bias shape (28,)
Weights transferred successfully.
(101,) (101,)
Tensorflow prediction: [ 0.5524132  -0.25053287 -0.34219742  0.2551162   0.20860584  0.4661508
  0.29120472  0.9000757   0.21212547 -0.01466749  0.00819504  0.784811
  0.15883486  0.895398  ]
(101,) (101,)
(101,) (101,)
-----------
STEP: 128778240 reward: 207.881591796875 reward_std: 160.54925537109375
-----------
Saving checkpoint (step: 150241280): /gpfs/home1/soyeon24/Open_Duck_Playground/checkpoints_rough/2026_09_04_155638_150241280
 === EXPORT ONNX === 
(101,) (101,)
(101,) (101,)
(1, 14)
Transferring Dense layer hidden_0, kernel shape (101, 512), bias shape (512,)
Transferring Dense layer hidden_1, kernel shape (512, 256), bias shape (256,)
Transferring Dense layer hidden_2, kernel shape (256, 128), bias shape (128,)
Transferring Dense layer hidden_3, kernel shape (128, 28), bias shape (28,)
Weights transferred successfully.
(101,) (101,)
Tensorflow prediction: [ 0.43249348 -0.3216024  -0.3411458   0.38212213 -0.14383587  0.15337516
  0.03230707  0.9380097   0.3574783   0.10539678 -0.01037128  0.61125666
 -0.371938    0.8898388 ]
(101,) (101,)
(101,) (101,)
-----------
STEP: 150241280 reward: 221.24212646484375 reward_std: 152.63702392578125
-----------
Saving checkpoint (step: 171704320): /gpfs/home1/soyeon24/Open_Duck_Playground/checkpoints_rough/2026_09_04_162216_171704320
 === EXPORT ONNX === 
(101,) (101,)
(101,) (101,)
(1, 14)
Transferring Dense layer hidden_0, kernel shape (101, 512), bias shape (512,)
Transferring Dense layer hidden_1, kernel shape (512, 256), bias shape (256,)
Transferring Dense layer hidden_2, kernel shape (256, 128), bias shape (128,)
Transferring Dense layer hidden_3, kernel shape (128, 28), bias shape (28,)
Weights transferred successfully.
(101,) (101,)
Tensorflow prediction: [ 0.783266   -0.18763615  0.20862888 -0.17455316  0.03479074  0.4600947
  0.89629245  0.94709325  0.22177662 -0.15613222  0.20938444  0.7781214
 -0.04341678  0.98149884]
(101,) (101,)
(101,) (101,)
-----------
STEP: 171704320 reward: 213.64068603515625 reward_std: 146.82965087890625
-----------
Saving checkpoint (step: 193167360): /gpfs/home1/soyeon24/Open_Duck_Playground/checkpoints_rough/2026_09_04_164801_193167360
 === EXPORT ONNX === 
(101,) (101,)
(101,) (101,)
(1, 14)
Transferring Dense layer hidden_0, kernel shape (101, 512), bias shape (512,)
Transferring Dense layer hidden_1, kernel shape (512, 256), bias shape (256,)
Transferring Dense layer hidden_2, kernel shape (256, 128), bias shape (128,)
Transferring Dense layer hidden_3, kernel shape (128, 28), bias shape (28,)
Weights transferred successfully.
(101,) (101,)
Tensorflow prediction: [ 0.663245    0.2636102   0.44085142 -0.10600217  0.78618556  0.45833895
  0.86475235  0.9710539   0.33168155  0.17374986  0.39790627  0.66326404
  0.2682679   0.9516958 ]
(101,) (101,)
(101,) (101,)
-----------
STEP: 193167360 reward: 228.005859375 reward_std: 159.3981475830078
-----------
Saving checkpoint (step: 214630400): /gpfs/home1/soyeon24/Open_Duck_Playground/checkpoints_rough/2026_09_04_171342_214630400
 === EXPORT ONNX === 
(101,) (101,)
(101,) (101,)
(1, 14)
Transferring Dense layer hidden_0, kernel shape (101, 512), bias shape (512,)
Transferring Dense layer hidden_1, kernel shape (512, 256), bias shape (256,)
Transferring Dense layer hidden_2, kernel shape (256, 128), bias shape (128,)
Transferring Dense layer hidden_3, kernel shape (128, 28), bias shape (28,)
Weights transferred successfully.
(101,) (101,)
Tensorflow prediction: [ 0.6115572   0.184881   -0.08552989  0.10815202  0.6180924   0.5286655
  0.4923141   0.65625376  0.3144671   0.02520716  0.42600468  0.6481605
  0.1217715   0.8662506 ]
(101,) (101,)
(101,) (101,)
-----------
STEP: 214630400 reward: 201.1791534423828 reward_std: 155.7341766357422
-----------
Saving checkpoint (step: 236093440): /gpfs/home1/soyeon24/Open_Duck_Playground/checkpoints_rough/2026_09_04_173919_236093440
 === EXPORT ONNX === 
(101,) (101,)
(101,) (101,)
(1, 14)
Transferring Dense layer hidden_0, kernel shape (101, 512), bias shape (512,)
Transferring Dense layer hidden_1, kernel shape (512, 256), bias shape (256,)
Transferring Dense layer hidden_2, kernel shape (256, 128), bias shape (128,)
Transferring Dense layer hidden_3, kernel shape (128, 28), bias shape (28,)
Weights transferred successfully.
(101,) (101,)
Tensorflow prediction: [ 0.5451444   0.014157    0.0223468   0.17363822  0.49547094  0.5963303
  0.6295484   0.9524422  -0.00321542 -0.01183174  0.3174244   0.24339306
  0.69657475  0.73979783]
(101,) (101,)
(101,) (101,)
-----------
STEP: 236093440 reward: 223.8359375 reward_std: 147.8661651611328
-----------
Saving checkpoint (step: 257556480): /gpfs/home1/soyeon24/Open_Duck_Playground/checkpoints_rough/2026_09_04_180458_257556480
 === EXPORT ONNX === 
(101,) (101,)
(101,) (101,)
(1, 14)
Transferring Dense layer hidden_0, kernel shape (101, 512), bias shape (512,)
Transferring Dense layer hidden_1, kernel shape (512, 256), bias shape (256,)
Transferring Dense layer hidden_2, kernel shape (256, 128), bias shape (128,)
Transferring Dense layer hidden_3, kernel shape (128, 28), bias shape (28,)
Weights transferred successfully.
(101,) (101,)
Tensorflow prediction: [ 0.58372694  0.21221533  0.11446503  0.46496275  0.23718631  0.20097463
  0.7820727   0.98109293  0.2755719  -0.1682791   0.23002508  0.64475024
  0.81609046  0.7465281 ]
(101,) (101,)
(101,) (101,)
-----------
STEP: 257556480 reward: 235.93971252441406 reward_std: 150.4076385498047
-----------
Saving checkpoint (step: 279019520): /gpfs/home1/soyeon24/Open_Duck_Playground/checkpoints_rough/2026_09_04_183038_279019520
 === EXPORT ONNX === 
(101,) (101,)
(101,) (101,)
(1, 14)
Transferring Dense layer hidden_0, kernel shape (101, 512), bias shape (512,)
Transferring Dense layer hidden_1, kernel shape (512, 256), bias shape (256,)
Transferring Dense layer hidden_2, kernel shape (256, 128), bias shape (128,)
Transferring Dense layer hidden_3, kernel shape (128, 28), bias shape (28,)
Weights transferred successfully.
(101,) (101,)
Tensorflow prediction: [ 0.21942173  0.6811701  -0.70373803  0.65308493  0.37455508  0.60368085
  0.76123804  0.9998787   0.7299769   0.20724078  0.23756377  0.3253049
  0.70886254  0.6729153 ]
(101,) (101,)
(101,) (101,)
-----------
STEP: 279019520 reward: 244.61160278320312 reward_std: 160.47914123535156
-----------
Saving checkpoint (step: 300482560): /gpfs/home1/soyeon24/Open_Duck_Playground/checkpoints_rough/2026_09_04_185617_300482560
 === EXPORT ONNX === 
(101,) (101,)
(101,) (101,)
(1, 14)
Transferring Dense layer hidden_0, kernel shape (101, 512), bias shape (512,)
Transferring Dense layer hidden_1, kernel shape (512, 256), bias shape (256,)
Transferring Dense layer hidden_2, kernel shape (256, 128), bias shape (128,)
Transferring Dense layer hidden_3, kernel shape (128, 28), bias shape (28,)
Weights transferred successfully.
(101,) (101,)
Tensorflow prediction: [ 0.48434806 -0.02692306 -0.18877453 -0.7687024   0.9527726   0.23101528
 -0.01506455  0.9876323  -0.17770281 -0.5186672   0.33745894  0.4612224
 -0.1406772   0.7248244 ]
(101,) (101,)
(101,) (101,)
-----------
STEP: 300482560 reward: 231.49951171875 reward_std: 157.47059631347656
-----------
=== end Fri Sep  4 18:56:32 KST 2026 / exit 0 ===
