=== node n001.hpc / job 901992 / start Tue Sep  1 12:48:39 KST 2026 ===
name, memory.total [MiB], driver_version
NVIDIA GeForce RTX 3090, 24576 MiB, 595.45.04
[resume] 체크포인트 없음 → 처음부터
[progress] 누적 0 / 목표 150000000 · 이번 세그먼트 150000000
xml: /gpfs/home1/soyeon24/Open_Duck_Playground/playground/open_duck_mini_v2/xmls/scene_standup.xml
actuators: ['left_hip_yaw', 'left_hip_roll', 'left_hip_pitch', 'left_knee', 'left_ankle', 'neck_pitch', 'head_pitch', 'head_yaw', 'head_roll', 'right_hip_yaw', 'right_hip_roll', 'right_hip_pitch', 'right_knee', 'right_ankle']
joints: ['floating_base', 'left_hip_yaw', 'left_hip_roll', 'left_hip_pitch', 'left_knee', 'left_ankle', 'neck_pitch', 'head_pitch', 'head_yaw', 'head_roll', 'right_hip_yaw', 'right_hip_roll', 'right_hip_pitch', 'right_knee', 'right_ankle']
backlash joints: []
actuator joints ids: [1, 2, 3, 4, 5, 6, 7, 8, 9, 10, 11, 12, 13, 14]
actuator joints dict: {'left_hip_yaw': 1, 'left_hip_roll': 2, 'left_hip_pitch': 3, 'left_knee': 4, 'left_ankle': 5, 'neck_pitch': 6, 'head_pitch': 7, 'head_yaw': 8, 'head_roll': 9, 'right_hip_yaw': 10, 'right_hip_roll': 11, 'right_hip_pitch': 12, 'right_knee': 13, 'right_ankle': 14}
floating qpos addr: 0 qvel addr: 0
[Poly ref data] Processing ...
[Poly ref data] Done processing
xml: /gpfs/home1/soyeon24/Open_Duck_Playground/playground/open_duck_mini_v2/xmls/scene_standup.xml
actuators: ['left_hip_yaw', 'left_hip_roll', 'left_hip_pitch', 'left_knee', 'left_ankle', 'neck_pitch', 'head_pitch', 'head_yaw', 'head_roll', 'right_hip_yaw', 'right_hip_roll', 'right_hip_pitch', 'right_knee', 'right_ankle']
joints: ['floating_base', 'left_hip_yaw', 'left_hip_roll', 'left_hip_pitch', 'left_knee', 'left_ankle', 'neck_pitch', 'head_pitch', 'head_yaw', 'head_roll', 'right_hip_yaw', 'right_hip_roll', 'right_hip_pitch', 'right_knee', 'right_ankle']
backlash joints: []
actuator joints ids: [1, 2, 3, 4, 5, 6, 7, 8, 9, 10, 11, 12, 13, 14]
actuator joints dict: {'left_hip_yaw': 1, 'left_hip_roll': 2, 'left_hip_pitch': 3, 'left_knee': 4, 'left_ankle': 5, 'neck_pitch': 6, 'head_pitch': 7, 'head_yaw': 8, 'head_roll': 9, 'right_hip_yaw': 10, 'right_hip_roll': 11, 'right_hip_pitch': 12, 'right_knee': 13, 'right_ankle': 14}
floating qpos addr: 0 qvel addr: 0
[Poly ref data] Processing ...
[Poly ref data] Done processing
Observation size: 101
PPO params: {'action_repeat': 1, 'batch_size': 256, 'clipping_epsilon': 0.2, 'discounting': 0.97, 'entropy_cost': 0.005, 'episode_length': 1000, 'learning_rate': 0.0003, 'max_grad_norm': 1.0, 'normalize_observations': True, 'num_envs': 8192, 'num_evals': 15, 'num_minibatches': 32, 'num_resets_per_eval': 1, 'num_timesteps': 150000000, 'num_updates_per_batch': 4, 'reward_scaling': 1.0, 'unroll_length': 20}
-----------
STEP: 0 reward: 31.311141967773438 reward_std: 8.690268516540527
-----------
Saving checkpoint (step: 0): /gpfs/home1/soyeon24/Open_Duck_Playground/checkpoints_standup_v4/2026_09_01_125254_0
 === EXPORT ONNX === 
(101,) (101,)
(101,) (101,)
(1, 14)
Transferring Dense layer hidden_0, kernel shape (101, 512), bias shape (512,)
Transferring Dense layer hidden_1, kernel shape (512, 256), bias shape (256,)
Transferring Dense layer hidden_2, kernel shape (256, 128), bias shape (128,)
Transferring Dense layer hidden_3, kernel shape (128, 28), bias shape (28,)
Weights transferred successfully.
(101,) (101,)
Tensorflow prediction: [ 0.02309905 -0.01063621  0.13225034  0.09340208 -0.07243866  0.17713644
  0.15884155  0.12745392 -0.00975049 -0.17488673  0.04536586  0.20230038
  0.1690991  -0.21251443]
(101,) (101,)
(101,) (101,)
Saving checkpoint (step: 10813440): /gpfs/home1/soyeon24/Open_Duck_Playground/checkpoints_standup_v4/2026_09_01_130625_10813440
 === EXPORT ONNX === 
(101,) (101,)
(101,) (101,)
(1, 14)
Transferring Dense layer hidden_0, kernel shape (101, 512), bias shape (512,)
Transferring Dense layer hidden_1, kernel shape (512, 256), bias shape (256,)
Transferring Dense layer hidden_2, kernel shape (256, 128), bias shape (128,)
Transferring Dense layer hidden_3, kernel shape (128, 28), bias shape (28,)
Weights transferred successfully.
(101,) (101,)
Tensorflow prediction: [ 1.  1. -1. -1. -1. -1. -1.  1. -1.  1. -1. -1.  1. -1.]
(101,) (101,)
(101,) (101,)
-----------
STEP: 10813440 reward: 66.97737121582031 reward_std: 13.698799133300781
-----------
Saving checkpoint (step: 21626880): /gpfs/home1/soyeon24/Open_Duck_Playground/checkpoints_standup_v4/2026_09_01_131830_21626880
 === EXPORT ONNX === 
(101,) (101,)
(101,) (101,)
(1, 14)
Transferring Dense layer hidden_0, kernel shape (101, 512), bias shape (512,)
Transferring Dense layer hidden_1, kernel shape (512, 256), bias shape (256,)
Transferring Dense layer hidden_2, kernel shape (256, 128), bias shape (128,)
Transferring Dense layer hidden_3, kernel shape (128, 28), bias shape (28,)
Weights transferred successfully.
(101,) (101,)
Tensorflow prediction: [-1. -1. -1. -1.  1. -1. -1. -1.  1.  1. -1.  1.  1.  1.]
(101,) (101,)
(101,) (101,)
-----------
STEP: 21626880 reward: 71.5384292602539 reward_std: 14.58807373046875
-----------
Saving checkpoint (step: 32440320): /gpfs/home1/soyeon24/Open_Duck_Playground/checkpoints_standup_v4/2026_09_01_133036_32440320
 === EXPORT ONNX === 
(101,) (101,)
(101,) (101,)
(1, 14)
Transferring Dense layer hidden_0, kernel shape (101, 512), bias shape (512,)
Transferring Dense layer hidden_1, kernel shape (512, 256), bias shape (256,)
Transferring Dense layer hidden_2, kernel shape (256, 128), bias shape (128,)
Transferring Dense layer hidden_3, kernel shape (128, 28), bias shape (28,)
Weights transferred successfully.
(101,) (101,)
Tensorflow prediction: [-1.  1. -1. -1.  1. -1. -1.  1.  1.  1. -1.  1.  1.  1.]
(101,) (101,)
(101,) (101,)
-----------
STEP: 32440320 reward: 72.7278823852539 reward_std: 14.14754581451416
-----------
Saving checkpoint (step: 43253760): /gpfs/home1/soyeon24/Open_Duck_Playground/checkpoints_standup_v4/2026_09_01_134240_43253760
 === EXPORT ONNX === 
(101,) (101,)
(101,) (101,)
(1, 14)
Transferring Dense layer hidden_0, kernel shape (101, 512), bias shape (512,)
Transferring Dense layer hidden_1, kernel shape (512, 256), bias shape (256,)
Transferring Dense layer hidden_2, kernel shape (256, 128), bias shape (128,)
Transferring Dense layer hidden_3, kernel shape (128, 28), bias shape (28,)
Weights transferred successfully.
(101,) (101,)
Tensorflow prediction: [-1.  1. -1. -1. -1. -1. -1.  1. -1. -1. -1.  1. -1. -1.]
(101,) (101,)
(101,) (101,)
-----------
STEP: 43253760 reward: 76.362060546875 reward_std: 25.229087829589844
-----------
Saving checkpoint (step: 54067200): /gpfs/home1/soyeon24/Open_Duck_Playground/checkpoints_standup_v4/2026_09_01_135442_54067200
 === EXPORT ONNX === 
(101,) (101,)
(101,) (101,)
(1, 14)
Transferring Dense layer hidden_0, kernel shape (101, 512), bias shape (512,)
Transferring Dense layer hidden_1, kernel shape (512, 256), bias shape (256,)
Transferring Dense layer hidden_2, kernel shape (256, 128), bias shape (128,)
Transferring Dense layer hidden_3, kernel shape (128, 28), bias shape (28,)
Weights transferred successfully.
(101,) (101,)
Tensorflow prediction: [-1.  1. -1. -1.  1. -1. -1.  1. -1. -1. -1. -1. -1. -1.]
(101,) (101,)
(101,) (101,)
-----------
STEP: 54067200 reward: 73.76536560058594 reward_std: 15.016944885253906
-----------
Saving checkpoint (step: 64880640): /gpfs/home1/soyeon24/Open_Duck_Playground/checkpoints_standup_v4/2026_09_01_140647_64880640
 === EXPORT ONNX === 
(101,) (101,)
(101,) (101,)
(1, 14)
Transferring Dense layer hidden_0, kernel shape (101, 512), bias shape (512,)
Transferring Dense layer hidden_1, kernel shape (512, 256), bias shape (256,)
Transferring Dense layer hidden_2, kernel shape (256, 128), bias shape (128,)
Transferring Dense layer hidden_3, kernel shape (128, 28), bias shape (28,)
Weights transferred successfully.
(101,) (101,)
Tensorflow prediction: [-1.  1. -1. -1. -1. -1. -1.  1. -1. -1. -1.  1. -1. -1.]
(101,) (101,)
(101,) (101,)
-----------
STEP: 64880640 reward: 76.46012878417969 reward_std: 25.706768035888672
-----------
Saving checkpoint (step: 75694080): /gpfs/home1/soyeon24/Open_Duck_Playground/checkpoints_standup_v4/2026_09_01_141854_75694080
 === EXPORT ONNX === 
(101,) (101,)
(101,) (101,)
(1, 14)
Transferring Dense layer hidden_0, kernel shape (101, 512), bias shape (512,)
Transferring Dense layer hidden_1, kernel shape (512, 256), bias shape (256,)
Transferring Dense layer hidden_2, kernel shape (256, 128), bias shape (128,)
Transferring Dense layer hidden_3, kernel shape (128, 28), bias shape (28,)
Weights transferred successfully.
(101,) (101,)
Tensorflow prediction: [-1.  1. -1.  1. -1. -1. -1. -1.  1.  1. -1. -1.  1. -1.]
(101,) (101,)
(101,) (101,)
-----------
STEP: 75694080 reward: 74.15875244140625 reward_std: 21.21074676513672
-----------
Saving checkpoint (step: 86507520): /gpfs/home1/soyeon24/Open_Duck_Playground/checkpoints_standup_v4/2026_09_01_143100_86507520
 === EXPORT ONNX === 
(101,) (101,)
(101,) (101,)
(1, 14)
Transferring Dense layer hidden_0, kernel shape (101, 512), bias shape (512,)
Transferring Dense layer hidden_1, kernel shape (512, 256), bias shape (256,)
Transferring Dense layer hidden_2, kernel shape (256, 128), bias shape (128,)
Transferring Dense layer hidden_3, kernel shape (128, 28), bias shape (28,)
Weights transferred successfully.
(101,) (101,)
Tensorflow prediction: [-1.  1. -1.  1. -1. -1. -1. -1. -1.  1. -1. -1.  1.  1.]
(101,) (101,)
(101,) (101,)
-----------
STEP: 86507520 reward: 72.60574340820312 reward_std: 14.113241195678711
-----------
Saving checkpoint (step: 97320960): /gpfs/home1/soyeon24/Open_Duck_Playground/checkpoints_standup_v4/2026_09_01_144305_97320960
 === EXPORT ONNX === 
(101,) (101,)
(101,) (101,)
(1, 14)
Transferring Dense layer hidden_0, kernel shape (101, 512), bias shape (512,)
Transferring Dense layer hidden_1, kernel shape (512, 256), bias shape (256,)
Transferring Dense layer hidden_2, kernel shape (256, 128), bias shape (128,)
Transferring Dense layer hidden_3, kernel shape (128, 28), bias shape (28,)
Weights transferred successfully.
(101,) (101,)
Tensorflow prediction: [-1.  1. -1. -1. -1. -1. -1. -1. -1. -1.  1. -1. -1. -1.]
(101,) (101,)
(101,) (101,)
-----------
STEP: 97320960 reward: 77.25152587890625 reward_std: 15.516303062438965
-----------
Saving checkpoint (step: 108134400): /gpfs/home1/soyeon24/Open_Duck_Playground/checkpoints_standup_v4/2026_09_01_145511_108134400
 === EXPORT ONNX === 
(101,) (101,)
(101,) (101,)
(1, 14)
Transferring Dense layer hidden_0, kernel shape (101, 512), bias shape (512,)
Transferring Dense layer hidden_1, kernel shape (512, 256), bias shape (256,)
Transferring Dense layer hidden_2, kernel shape (256, 128), bias shape (128,)
Transferring Dense layer hidden_3, kernel shape (128, 28), bias shape (28,)
Weights transferred successfully.
(101,) (101,)
Tensorflow prediction: [-1.  1. -1. -1. -1. -1. -1. -1. -1. -1.  1. -1. -1. -1.]
(101,) (101,)
(101,) (101,)
-----------
STEP: 108134400 reward: 72.85254669189453 reward_std: 14.834033966064453
-----------
Saving checkpoint (step: 118947840): /gpfs/home1/soyeon24/Open_Duck_Playground/checkpoints_standup_v4/2026_09_01_150717_118947840
 === EXPORT ONNX === 
(101,) (101,)
(101,) (101,)
(1, 14)
Transferring Dense layer hidden_0, kernel shape (101, 512), bias shape (512,)
Transferring Dense layer hidden_1, kernel shape (512, 256), bias shape (256,)
Transferring Dense layer hidden_2, kernel shape (256, 128), bias shape (128,)
Transferring Dense layer hidden_3, kernel shape (128, 28), bias shape (28,)
Weights transferred successfully.
(101,) (101,)
Tensorflow prediction: [-1.  1. -1.  1.  1. -1. -1.  1.  1. -1. -1. -1. -1.  1.]
(101,) (101,)
(101,) (101,)
-----------
STEP: 118947840 reward: 77.7071533203125 reward_std: 21.49479866027832
-----------
Saving checkpoint (step: 129761280): /gpfs/home1/soyeon24/Open_Duck_Playground/checkpoints_standup_v4/2026_09_01_151922_129761280
 === EXPORT ONNX === 
(101,) (101,)
(101,) (101,)
(1, 14)
Transferring Dense layer hidden_0, kernel shape (101, 512), bias shape (512,)
Transferring Dense layer hidden_1, kernel shape (512, 256), bias shape (256,)
Transferring Dense layer hidden_2, kernel shape (256, 128), bias shape (128,)
Transferring Dense layer hidden_3, kernel shape (128, 28), bias shape (28,)
Weights transferred successfully.
(101,) (101,)
Tensorflow prediction: [-1.  1. -1.  1. -1.  1. -1.  1.  1. -1. -1. -1. -1.  1.]
(101,) (101,)
(101,) (101,)
-----------
STEP: 129761280 reward: 75.1931381225586 reward_std: 20.984079360961914
-----------
Saving checkpoint (step: 140574720): /gpfs/home1/soyeon24/Open_Duck_Playground/checkpoints_standup_v4/2026_09_01_153126_140574720
 === EXPORT ONNX === 
(101,) (101,)
(101,) (101,)
(1, 14)
Transferring Dense layer hidden_0, kernel shape (101, 512), bias shape (512,)
Transferring Dense layer hidden_1, kernel shape (512, 256), bias shape (256,)
Transferring Dense layer hidden_2, kernel shape (256, 128), bias shape (128,)
Transferring Dense layer hidden_3, kernel shape (128, 28), bias shape (28,)
Weights transferred successfully.
(101,) (101,)
Tensorflow prediction: [-1.  1. -1.  1.  1. -1. -1.  1.  1. -1. -1. -1. -1.  1.]
(101,) (101,)
(101,) (101,)
-----------
STEP: 140574720 reward: 76.12322998046875 reward_std: 15.072823524475098
-----------
Saving checkpoint (step: 151388160): /gpfs/home1/soyeon24/Open_Duck_Playground/checkpoints_standup_v4/2026_09_01_154331_151388160
 === EXPORT ONNX === 
(101,) (101,)
(101,) (101,)
(1, 14)
Transferring Dense layer hidden_0, kernel shape (101, 512), bias shape (512,)
Transferring Dense layer hidden_1, kernel shape (512, 256), bias shape (256,)
Transferring Dense layer hidden_2, kernel shape (256, 128), bias shape (128,)
Transferring Dense layer hidden_3, kernel shape (128, 28), bias shape (28,)
Weights transferred successfully.
(101,) (101,)
Tensorflow prediction: [-1.  1. -1.  1. -1. -1. -1.  1.  1. -1. -1. -1. -1.  1.]
(101,) (101,)
(101,) (101,)
-----------
STEP: 151388160 reward: 76.3797378540039 reward_std: 21.664453506469727
-----------
=== end Tue Sep  1 15:43:48 KST 2026 / exit 0 ===
[progress] 누적 갱신: 150000000
